23:12:09 **** Build of configuration Debug for project nucleo-h7a3zi-q ****
make -j12 all 
arm-none-eabi-g++ -o "nucleo-h7a3zi-q.elf" @"objects.list"   -mcpu=cortex-m7 -T"/home/vakrapeci/.STM32CubeIDE/workspace_PCB_2/nucleo-h7a3zi-q/STM32H7A3ZITXQ_FLASH.ld" --specs=nosys.specs -Wl,-Map="nucleo-h7a3zi-q.map" -Wl,--gc-sections -static --specs=nano.specs -mfpu=fpv5-d16 -mfloat-abi=hard -mthumb -Wl,--start-group -lc -lm -lstdc++ -lsupc++ -Wl,--end-group
Finished building target: nucleo-h7a3zi-q.elf
 
arm-none-eabi-size   nucleo-h7a3zi-q.elf 
arm-none-eabi-objdump -h -S  nucleo-h7a3zi-q.elf  > "nucleo-h7a3zi-q.list"
   text	   data	    bss	    dec	    hex	filename
  34392	    112	   2184	  36688	   8f50	nucleo-h7a3zi-q.elf
Finished building: default.size.stdout
 
Finished building: nucleo-h7a3zi-q.list
 
23:12:55 **** Incremental Build of configuration Debug for project nucleo-h7a3zi-q ****
make -j12 all 
arm-none-eabi-size   nucleo-h7a3zi-q.elf 
   text	   data	    bss	    dec	    hex	filename
  34392	    112	   2184	  36688	   8f50	nucleo-h7a3zi-q.elf
Finished building: default.size.stdout
 
23:24:50 **** Incremental Build of configuration Debug for project nucleo-h7a3zi-q ****
make -j12 all 
arm-none-eabi-size   nucleo-h7a3zi-q.elf 
   text	   data	    bss	    dec	    hex	filename
  34392	    112	   2184	  36688	   8f50	nucleo-h7a3zi-q.elf
Finished building: default.size.stdout
 
