Archive member included to satisfy reference by file (symbol)

/opt/st/stm32cubeide_1.13.2/plugins/com.st.stm32cube.ide.mcu.externaltools.gnu-tools-for-stm32.11.3.rel1.linux64_1.1.1.202309131626/tools/bin/../lib/gcc/arm-none-eabi/11.3.1/../../../../arm-none-eabi/lib/thumb/v7e-m+dp/hard/libstdc++_nano.a(del_ops.o)
                              ./Core/Inc/Fields.o (operator delete(void*, unsigned int))
/opt/st/stm32cubeide_1.13.2/plugins/com.st.stm32cube.ide.mcu.externaltools.gnu-tools-for-stm32.11.3.rel1.linux64_1.1.1.202309131626/tools/bin/../lib/gcc/arm-none-eabi/11.3.1/../../../../arm-none-eabi/lib/thumb/v7e-m+dp/hard/libstdc++_nano.a(del_op.o)
                              /opt/st/stm32cubeide_1.13.2/plugins/com.st.stm32cube.ide.mcu.externaltools.gnu-tools-for-stm32.11.3.rel1.linux64_1.1.1.202309131626/tools/bin/../lib/gcc/arm-none-eabi/11.3.1/../../../../arm-none-eabi/lib/thumb/v7e-m+dp/hard/libstdc++_nano.a(del_ops.o) (operator delete(void*))
/opt/st/stm32cubeide_1.13.2/plugins/com.st.stm32cube.ide.mcu.externaltools.gnu-tools-for-stm32.11.3.rel1.linux64_1.1.1.202309131626/tools/bin/../lib/gcc/arm-none-eabi/11.3.1/../../../../arm-none-eabi/lib/thumb/v7e-m+dp/hard/libc_nano.a(libc_a-exit.o)
                              /opt/st/stm32cubeide_1.13.2/plugins/com.st.stm32cube.ide.mcu.externaltools.gnu-tools-for-stm32.11.3.rel1.linux64_1.1.1.202309131626/tools/bin/../lib/gcc/arm-none-eabi/11.3.1/../../../../arm-none-eabi/lib/thumb/v7e-m+dp/hard/crt0.o (exit)
/opt/st/stm32cubeide_1.13.2/plugins/com.st.stm32cube.ide.mcu.externaltools.gnu-tools-for-stm32.11.3.rel1.linux64_1.1.1.202309131626/tools/bin/../lib/gcc/arm-none-eabi/11.3.1/../../../../arm-none-eabi/lib/thumb/v7e-m+dp/hard/libc_nano.a(libc_a-malloc.o)
                              /opt/st/stm32cubeide_1.13.2/plugins/com.st.stm32cube.ide.mcu.externaltools.gnu-tools-for-stm32.11.3.rel1.linux64_1.1.1.202309131626/tools/bin/../lib/gcc/arm-none-eabi/11.3.1/../../../../arm-none-eabi/lib/thumb/v7e-m+dp/hard/libstdc++_nano.a(del_op.o) (free)
/opt/st/stm32cubeide_1.13.2/plugins/com.st.stm32cube.ide.mcu.externaltools.gnu-tools-for-stm32.11.3.rel1.linux64_1.1.1.202309131626/tools/bin/../lib/gcc/arm-none-eabi/11.3.1/../../../../arm-none-eabi/lib/thumb/v7e-m+dp/hard/libc_nano.a(libc_a-mallocr.o)
                              /opt/st/stm32cubeide_1.13.2/plugins/com.st.stm32cube.ide.mcu.externaltools.gnu-tools-for-stm32.11.3.rel1.linux64_1.1.1.202309131626/tools/bin/../lib/gcc/arm-none-eabi/11.3.1/../../../../arm-none-eabi/lib/thumb/v7e-m+dp/hard/libc_nano.a(libc_a-malloc.o) (_malloc_r)
/opt/st/stm32cubeide_1.13.2/plugins/com.st.stm32cube.ide.mcu.externaltools.gnu-tools-for-stm32.11.3.rel1.linux64_1.1.1.202309131626/tools/bin/../lib/gcc/arm-none-eabi/11.3.1/../../../../arm-none-eabi/lib/thumb/v7e-m+dp/hard/libc_nano.a(libc_a-mlock.o)
                              /opt/st/stm32cubeide_1.13.2/plugins/com.st.stm32cube.ide.mcu.externaltools.gnu-tools-for-stm32.11.3.rel1.linux64_1.1.1.202309131626/tools/bin/../lib/gcc/arm-none-eabi/11.3.1/../../../../arm-none-eabi/lib/thumb/v7e-m+dp/hard/libc_nano.a(libc_a-mallocr.o) (__malloc_lock)
/opt/st/stm32cubeide_1.13.2/plugins/com.st.stm32cube.ide.mcu.externaltools.gnu-tools-for-stm32.11.3.rel1.linux64_1.1.1.202309131626/tools/bin/../lib/gcc/arm-none-eabi/11.3.1/../../../../arm-none-eabi/lib/thumb/v7e-m+dp/hard/libc_nano.a(libc_a-findfp.o)
                              /opt/st/stm32cubeide_1.13.2/plugins/com.st.stm32cube.ide.mcu.externaltools.gnu-tools-for-stm32.11.3.rel1.linux64_1.1.1.202309131626/tools/bin/../lib/gcc/arm-none-eabi/11.3.1/../../../../arm-none-eabi/lib/thumb/v7e-m+dp/hard/libc_nano.a(libc_a-exit.o) (__stdio_exit_handler)
/opt/st/stm32cubeide_1.13.2/plugins/com.st.stm32cube.ide.mcu.externaltools.gnu-tools-for-stm32.11.3.rel1.linux64_1.1.1.202309131626/tools/bin/../lib/gcc/arm-none-eabi/11.3.1/../../../../arm-none-eabi/lib/thumb/v7e-m+dp/hard/libc_nano.a(libc_a-fwalk.o)
                              /opt/st/stm32cubeide_1.13.2/plugins/com.st.stm32cube.ide.mcu.externaltools.gnu-tools-for-stm32.11.3.rel1.linux64_1.1.1.202309131626/tools/bin/../lib/gcc/arm-none-eabi/11.3.1/../../../../arm-none-eabi/lib/thumb/v7e-m+dp/hard/libc_nano.a(libc_a-findfp.o) (_fwalk_sglue)
/opt/st/stm32cubeide_1.13.2/plugins/com.st.stm32cube.ide.mcu.externaltools.gnu-tools-for-stm32.11.3.rel1.linux64_1.1.1.202309131626/tools/bin/../lib/gcc/arm-none-eabi/11.3.1/../../../../arm-none-eabi/lib/thumb/v7e-m+dp/hard/libc_nano.a(libc_a-stdio.o)
                              /opt/st/stm32cubeide_1.13.2/plugins/com.st.stm32cube.ide.mcu.externaltools.gnu-tools-for-stm32.11.3.rel1.linux64_1.1.1.202309131626/tools/bin/../lib/gcc/arm-none-eabi/11.3.1/../../../../arm-none-eabi/lib/thumb/v7e-m+dp/hard/libc_nano.a(libc_a-findfp.o) (__sread)
[...]
Memory Configuration

Name             Origin             Length             Attributes
ITCMRAM          0x0000000000000000 0x0000000000010000 xrw
FLASH            0x0000000008000000 0x0000000000200000 xr
DTCMRAM1         0x0000000020000000 0x0000000000010000 xrw
DTCMRAM2         0x0000000020010000 0x0000000000010000 xrw
RAM              0x0000000024000000 0x0000000000100000 xrw
RAM_CD           0x0000000030000000 0x0000000000020000 xrw
RAM_SRD          0x0000000038000000 0x0000000000008000 xrw
*default*        0x0000000000000000 0xffffffffffffffff

Linker script and memory map

LOAD /opt/st/stm32cubeide_1.13.2/plugins/com.st.stm32cube.ide.mcu.externaltools.gnu-tools-for-stm32.11.3.rel1.linux64_1.1.1.202309131626/tools/bin/../lib/gcc/arm-none-eabi/11.3.1/thumb/v7e-m+dp/hard/crti.o
LOAD /opt/st/stm32cubeide_1.13.2/plugins/com.st.stm32cube.ide.mcu.externaltools.gnu-tools-for-stm32.11.3.rel1.linux64_1.1.1.202309131626/tools/bin/../lib/gcc/arm-none-eabi/11.3.1/thumb/v7e-m+dp/hard/crtbegin.o
LOAD /opt/st/stm32cubeide_1.13.2/plugins/com.st.stm32cube.ide.mcu.externaltools.gnu-tools-for-stm32.11.3.rel1.linux64_1.1.1.202309131626/tools/bin/../lib/gcc/arm-none-eabi/11.3.1/../../../../arm-none-eabi/lib/thumb/v7e-m+dp/hard/crt0.o
LOAD ./Core/Inc/Fields.o
LOAD ./Core/Inc/MessageInterface.o
LOAD ./Core/Inc/ReadBufferSection.o
LOAD ./Core/Src/UartReadBuffer.o
LOAD ./Core/Src/UartWriteBuffer.o
LOAD ./Core/Src/main.o
LOAD ./Core/Src/stm32h7xx_hal_msp.o
LOAD ./Core/Src/stm32h7xx_it.o
LOAD ./Core/Src/syscalls.o
LOAD ./Core/Src/sysmem.o
LOAD ./Core/Src/system_stm32h7xx.o
LOAD ./Core/Startup/startup_stm32h7a3zitxq.o
LOAD ./Drivers/STM32H7xx_HAL_Driver/Src/stm32h7xx_hal.o
LOAD ./Drivers/STM32H7xx_HAL_Driver/Src/stm32h7xx_hal_cortex.o
LOAD ./Drivers/STM32H7xx_HAL_Driver/Src/stm32h7xx_hal_dma.o
LOAD ./Drivers/STM32H7xx_HAL_Driver/Src/stm32h7xx_hal_dma_ex.o
LOAD ./Drivers/STM32H7xx_HAL_Driver/Src/stm32h7xx_hal_exti.o
LOAD ./Drivers/STM32H7xx_HAL_Driver/Src/stm32h7xx_hal_flash.o
LOAD ./Drivers/STM32H7xx_HAL_Driver/Src/stm32h7xx_hal_flash_ex.o
LOAD ./Drivers/STM32H7xx_HAL_Driver/Src/stm32h7xx_hal_gpio.o
LOAD ./Drivers/STM32H7xx_HAL_Driver/Src/stm32h7xx_hal_hsem.o
LOAD ./Drivers/STM32H7xx_HAL_Driver/Src/stm32h7xx_hal_i2c.o
LOAD ./Drivers/STM32H7xx_HAL_Driver/Src/stm32h7xx_hal_i2c_ex.o
LOAD ./Drivers/STM32H7xx_HAL_Driver/Src/stm32h7xx_hal_mdma.o
LOAD ./Drivers/STM32H7xx_HAL_Driver/Src/stm32h7xx_hal_pwr.o
LOAD ./Drivers/STM32H7xx_HAL_Driver/Src/stm32h7xx_hal_pwr_ex.o
LOAD ./Drivers/STM32H7xx_HAL_Driver/Src/stm32h7xx_hal_rcc.o
LOAD ./Drivers/STM32H7xx_HAL_Driver/Src/stm32h7xx_hal_rcc_ex.o
LOAD ./Drivers/STM32H7xx_HAL_Driver/Src/stm32h7xx_hal_tim.o
LOAD ./Drivers/STM32H7xx_HAL_Driver/Src/stm32h7xx_hal_tim_ex.o
LOAD ./Drivers/STM32H7xx_HAL_Driver/Src/stm32h7xx_hal_uart.o
LOAD ./Drivers/STM32H7xx_HAL_Driver/Src/stm32h7xx_hal_uart_ex.o
START GROUP
LOAD /opt/st/stm32cubeide_1.13.2/plugins/com.st.stm32cube.ide.mcu.externaltools.gnu-tools-for-stm32.11.3.rel1.linux64_1.1.1.202309131626/tools/bin/../lib/gcc/arm-none-eabi/11.3.1/../../../../arm-none-eabi/lib/thumb/v7e-m+dp/hard/libstdc++_nano.a
LOAD /opt/st/stm32cubeide_1.13.2/plugins/com.st.stm32cube.ide.mcu.externaltools.gnu-tools-for-stm32.11.3.rel1.linux64_1.1.1.202309131626/tools/bin/../lib/gcc/arm-none-eabi/11.3.1/../../../../arm-none-eabi/lib/thumb/v7e-m+dp/hard/libsupc++_nano.a
END GROUP
LOAD /opt/st/stm32cubeide_1.13.2/plugins/com.st.stm32cube.ide.mcu.externaltools.gnu-tools-for-stm32.11.3.rel1.linux64_1.1.1.202309131626/tools/bin/../lib/gcc/arm-none-eabi/11.3.1/../../../../arm-none-eabi/lib/thumb/v7e-m+dp/hard/libstdc++_nano.a
LOAD /opt/st/stm32cubeide_1.13.2/plugins/com.st.stm32cube.ide.mcu.externaltools.gnu-tools-for-stm32.11.3.rel1.linux64_1.1.1.202309131626/tools/bin/../lib/gcc/arm-none-eabi/11.3.1/../../../../arm-none-eabi/lib/thumb/v7e-m+dp/hard/libm.a
LOAD /opt/st/stm32cubeide_1.13.2/plugins/com.st.stm32cube.ide.mcu.externaltools.gnu-tools-for-stm32.11.3.rel1.linux64_1.1.1.202309131626/tools/bin/../lib/gcc/arm-none-eabi/11.3.1/../../../../arm-none-eabi/lib/thumb/v7e-m+dp/hard/libc_nano.a
START GROUP
LOAD /opt/st/stm32cubeide_1.13.2/plugins/com.st.stm32cube.ide.mcu.externaltools.gnu-tools-for-stm32.11.3.rel1.linux64_1.1.1.202309131626/tools/bin/../lib/gcc/arm-none-eabi/11.3.1/thumb/v7e-m+dp/hard/libgcc.a
LOAD /opt/st/stm32cubeide_1.13.2/plugins/com.st.stm32cube.ide.mcu.externaltools.gnu-tools-for-stm32.11.3.rel1.linux64_1.1.1.202309131626/tools/bin/../lib/gcc/arm-none-eabi/11.3.1/../../../../arm-none-eabi/lib/thumb/v7e-m+dp/hard/libc_nano.a
END GROUP
START GROUP
LOAD /opt/st/stm32cubeide_1.13.2/plugins/com.st.stm32cube.ide.mcu.externaltools.gnu-tools-for-stm32.11.3.rel1.linux64_1.1.1.202309131626/tools/bin/../lib/gcc/arm-none-eabi/11.3.1/thumb/v7e-m+dp/hard/libgcc.a
LOAD /opt/st/stm32cubeide_1.13.2/plugins/com.st.stm32cube.ide.mcu.externaltools.gnu-tools-for-stm32.11.3.rel1.linux64_1.1.1.202309131626/tools/bin/../lib/gcc/arm-none-eabi/11.3.1/../../../../arm-none-eabi/lib/thumb/v7e-m+dp/hard/libc_nano.a
LOAD /opt/st/stm32cubeide_1.13.2/plugins/com.st.stm32cube.ide.mcu.externaltools.gnu-tools-for-stm32.11.3.rel1.linux64_1.1.1.202309131626/tools/bin/../lib/gcc/arm-none-eabi/11.3.1/../../../../arm-none-eabi/lib/thumb/v7e-m+dp/hard/libnosys.a
END GROUP
START GROUP
LOAD /opt/st/stm32cubeide_1.13.2/plugins/com.st.stm32cube.ide.mcu.externaltools.gnu-tools-for-stm32.11.3.rel1.linux64_1.1.1.202309131626/tools/bin/../lib/gcc/arm-none-eabi/11.3.1/thumb/v7e-m+dp/hard/libgcc.a
LOAD /opt/st/stm32cubeide_1.13.2/plugins/com.st.stm32cube.ide.mcu.externaltools.gnu-tools-for-stm32.11.3.rel1.linux64_1.1.1.202309131626/tools/bin/../lib/gcc/arm-none-eabi/11.3.1/../../../../arm-none-eabi/lib/thumb/v7e-m+dp/hard/libc_nano.a
LOAD /opt/st/stm32cubeide_1.13.2/plugins/com.st.stm32cube.ide.mcu.externaltools.gnu-tools-for-stm32.11.3.rel1.linux64_1.1.1.202309131626/tools/bin/../lib/gcc/arm-none-eabi/11.3.1/../../../../arm-none-eabi/lib/thumb/v7e-m+dp/hard/libnosys.a
END GROUP
LOAD /opt/st/stm32cubeide_1.13.2/plugins/com.st.stm32cube.ide.mcu.externaltools.gnu-tools-for-stm32.11.3.rel1.linux64_1.1.1.202309131626/tools/bin/../lib/gcc/arm-none-eabi/11.3.1/thumb/v7e-m+dp/hard/crtend.o
LOAD /opt/st/stm32cubeide_1.13.2/plugins/com.st.stm32cube.ide.mcu.externaltools.gnu-tools-for-stm32.11.3.rel1.linux64_1.1.1.202309131626/tools/bin/../lib/gcc/arm-none-eabi/11.3.1/thumb/v7e-m+dp/hard/crtn.o
                0x0000000024100000                _estack = (ORIGIN (RAM) + LENGTH (RAM))
                0x0000000000000200                _Min_Heap_Size = 0x200
                0x0000000000000400                _Min_Stack_Size = 0x400

.isr_vector     0x0000000008000000      0x2ac
                0x0000000008000000                . = ALIGN (0x4)
 *(.isr_vector)
 .isr_vector    0x0000000008000000      0x2ac ./Core/Startup/startup_stm32h7a3zitxq.o
                0x0000000008000000                g_pfnVectors
                0x00000000080002ac                . = ALIGN (0x4)

.text           0x00000000080002ac     0x81ec
                0x00000000080002ac                . = ALIGN (0x4)
 *(.text)
 .text          0x00000000080002ac       0x40 /opt/st/stm32cubeide_1.13.2/plugins/com.st.stm32cube.ide.mcu.externaltools.gnu-tools-for-stm32.11.3.rel1.linux64_1.1.1.202309131626/tools/bin/../lib/gcc/arm-none-eabi/11.3.1/thumb/v7e-m+dp/hard/crtbegin.o
 .text          0x00000000080002ec       0x30 /opt/st/stm32cubeide_1.13.2/plugins/com.st.stm32cube.ide.mcu.externaltools.gnu-tools-for-stm32.11.3.rel1.linux64_1.1.1.202309131626/tools/bin/../lib/gcc/arm-none-eabi/11.3.1/thumb/v7e-m+dp/hard/libgcc.a(_aeabi_uldivmod.o)
                0x00000000080002ec                __aeabi_uldivmod
 .text          0x000000000800031c      0x2c8 /opt/st/stm32cubeide_1.13.2/plugins/com.st.stm32cube.ide.mcu.externaltools.gnu-tools-for-stm32.11.3.rel1.linux64_1.1.1.202309131626/tools/bin/../lib/gcc/arm-none-eabi/11.3.1/thumb/v7e-m+dp/hard/libgcc.a(_udivmoddi4.o)
                0x000000000800031c                __udivmoddi4
 .text          0x00000000080005e4        0x4 /opt/st/stm32cubeide_1.13.2/plugins/com.st.stm32cube.ide.mcu.externaltools.gnu-tools-for-stm32.11.3.rel1.linux64_1.1.1.202309131626/tools/bin/../lib/gcc/arm-none-eabi/11.3.1/thumb/v7e-m+dp/hard/libgcc.a(_dvmd_tls.o)
                0x00000000080005e4                __aeabi_ldiv0
                0x00000000080005e4                __aeabi_idiv0
 *(.text*)
 .text._ZNSt14numeric_limitsImE3maxEv
                0x00000000080005e8       0x12 ./Core/Inc/Fields.o
                0x00000000080005e8                std::numeric_limits<unsigned long>::max()
 .text._ZN13EmbeddedProto21MessageSizeCalculator5clearEv
                0x00000000080005fa       0x1a ./Core/Inc/Fields.o
                0x00000000080005fa                EmbeddedProto::MessageSizeCalculator::clear()
 .text._ZNK13EmbeddedProto21MessageSizeCalculator8get_sizeEv
                0x0000000008000614       0x18 ./Core/Inc/Fields.o
                0x0000000008000614                EmbeddedProto::MessageSizeCalculator::get_size() const
 .text._ZNK13EmbeddedProto21MessageSizeCalculator12get_max_sizeEv
                0x000000000800062c       0x16 ./Core/Inc/Fields.o
                0x000000000800062c                EmbeddedProto::MessageSizeCalculator::get_max_size() const
 .text._ZNK13EmbeddedProto21MessageSizeCalculator18get_available_sizeEv
                0x0000000008000642       0x16 ./Core/Inc/Fields.o
                0x0000000008000642                EmbeddedProto::MessageSizeCalculator::get_available_size() const
 .text._ZN13EmbeddedProto21MessageSizeCalculator4pushEh
                0x0000000008000658       0x24 ./Core/Inc/Fields.o
                0x0000000008000658                EmbeddedProto::MessageSizeCalculator::push(unsigned char)
 .text._ZN13EmbeddedProto21MessageSizeCalculator4pushEPKhm
                0x000000000800067c       0x26 ./Core/Inc/Fields.o
                0x000000000800067c                EmbeddedProto::MessageSizeCalculator::push(unsigned char const*, unsigned long)
 *fill*         0x00000000080006a2        0x2 
 .text._ZN13EmbeddedProto20WriteBufferInterfaceD2Ev
                0x00000000080006a4       0x20 ./Core/Inc/Fields.o
                0x00000000080006a4                EmbeddedProto::WriteBufferInterface::~WriteBufferInterface()
                0x00000000080006a4                EmbeddedProto::WriteBufferInterface::~WriteBufferInterface()
 .text._ZN13EmbeddedProto20WriteBufferInterfaceD0Ev
                0x00000000080006c4       0x20 ./Core/Inc/Fields.o
                0x00000000080006c4                EmbeddedProto::WriteBufferInterface::~WriteBufferInterface()
 .text._ZNK13EmbeddedProto5Field15serialized_sizeEv
                0x00000000080006e4       0x48 ./Core/Inc/Fields.o
                0x00000000080006e4                EmbeddedProto::Field::serialized_size() const
 .text._ZN13EmbeddedProto21MessageSizeCalculatorD2Ev
                0x000000000800072c       0x24 ./Core/Inc/Fields.o
                0x000000000800072c                EmbeddedProto::MessageSizeCalculator::~MessageSizeCalculator()
                0x000000000800072c                EmbeddedProto::MessageSizeCalculator::~MessageSizeCalculator()
 .text._ZN13EmbeddedProto21MessageSizeCalculatorD0Ev
                0x0000000008000750       0x20 ./Core/Inc/Fields.o
                0x0000000008000750                EmbeddedProto::MessageSizeCalculator::~MessageSizeCalculator()
 .text._ZN13EmbeddedProto13WireFormatter7MakeTagEmNS0_8WireTypeE
                0x0000000008000770       0x1e ./Core/Inc/MessageInterface.o
                0x0000000008000770                EmbeddedProto::WireFormatter::MakeTag(unsigned long, EmbeddedProto::WireFormatter::WireType)
 .text._ZN13EmbeddedProto13WireFormatter16DeserializeFloatERNS_19ReadBufferInterfaceERf
                0x000000000800078e       0x3e ./Core/Inc/MessageInterface.o
                0x000000000800078e                EmbeddedProto::WireFormatter::DeserializeFloat(EmbeddedProto::ReadBufferInterface&, float&)
 .text._ZN13EmbeddedProto13WireFormatter17DeserializeDoubleERNS_19ReadBufferInterfaceERd
                0x00000000080007cc       0x4a ./Core/Inc/MessageInterface.o
                0x00000000080007cc                EmbeddedProto::WireFormatter::DeserializeDouble(EmbeddedProto::ReadBufferInterface&, double&)
 .text._ZNK13EmbeddedProto16MessageInterface17serialize_with_idEmRNS_20WriteBufferInterfaceEb
                0x0000000008000816       0x94 ./Core/Inc/MessageInterface.o
                0x0000000008000816                EmbeddedProto::MessageInterface::serialize_with_id(unsigned long, EmbeddedProto::WriteBufferInterface&, bool) const
 .text._ZN13EmbeddedProto16MessageInterface22deserialize_check_typeERNS_19ReadBufferInterfaceERKNS_13WireFormatter8WireTypeE
                0x00000000080008aa       0x70 ./Core/Inc/MessageInterface.o
                0x00000000080008aa                EmbeddedProto::MessageInterface::deserialize_check_type(EmbeddedProto::ReadBufferInterface&, EmbeddedProto::WireFormatter::WireType const&)
 *fill*         0x000000000800091a        0x2 
 .text._ZNK13EmbeddedProto16MessageInterface18skip_unknown_fieldERNS_19ReadBufferInterfaceERKNS_13WireFormatter8WireTypeE
                0x000000000800091c       0x74 ./Core/Inc/MessageInterface.o
                0x000000000800091c                EmbeddedProto::MessageInterface::skip_unknown_field(EmbeddedProto::ReadBufferInterface&, EmbeddedProto::WireFormatter::WireType const&) const
 .text._ZNK13EmbeddedProto16MessageInterface11skip_varintERNS_19ReadBufferInterfaceE
                0x0000000008000990       0x20 ./Core/Inc/MessageInterface.o
                0x0000000008000990                EmbeddedProto::MessageInterface::skip_varint(EmbeddedProto::ReadBufferInterface&) const
 .text._ZNK13EmbeddedProto16MessageInterface12skip_fixed32ERNS_19ReadBufferInterfaceE
                0x00000000080009b0       0x20 ./Core/Inc/MessageInterface.o
                0x00000000080009b0                EmbeddedProto::MessageInterface::skip_fixed32(EmbeddedProto::ReadBufferInterface&) const
 .text._ZNK13EmbeddedProto16MessageInterface12skip_fixed64ERNS_19ReadBufferInterfaceE
                0x00000000080009d0       0x20 ./Core/Inc/MessageInterface.o
                0x00000000080009d0                EmbeddedProto::MessageInterface::skip_fixed64(EmbeddedProto::ReadBufferInterface&) const
 .text._ZNK13EmbeddedProto16MessageInterface21skip_length_delimitedERNS_19ReadBufferInterfaceE
                0x00000000080009f0       0x3c ./Core/Inc/MessageInterface.o
                0x00000000080009f0                EmbeddedProto::MessageInterface::skip_length_delimited(EmbeddedProto::ReadBufferInterface&) const
 .text._ZN13EmbeddedProto13WireFormatter15SerializeVarintImEENS_5ErrorET_RNS_20WriteBufferInterfaceE
                0x0000000008000a2c       0x6c ./Core/Inc/MessageInterface.o
                0x0000000008000a2c                EmbeddedProto::Error EmbeddedProto::WireFormatter::SerializeVarint<unsigned long>(unsigned long, EmbeddedProto::WriteBufferInterface&)
 .text._ZN13EmbeddedProto13WireFormatter17DeserializeVarintImEENS_5ErrorERNS_19ReadBufferInterfaceERT_
                0x0000000008000a98       0xbc ./Core/Inc/MessageInterface.o
                0x0000000008000a98                EmbeddedProto::Error EmbeddedProto::WireFormatter::DeserializeVarint<unsigned long>(EmbeddedProto::ReadBufferInterface&, unsigned long&)
 .text._ZN13EmbeddedProto13WireFormatter16DeserializeFixedImEENS_5ErrorERNS_19ReadBufferInterfaceERT_
                0x0000000008000b54       0x7a ./Core/Inc/MessageInterface.o
                0x0000000008000b54                EmbeddedProto::Error EmbeddedProto::WireFormatter::DeserializeFixed<unsigned long>(EmbeddedProto::ReadBufferInterface&, unsigned long&)
 .text._ZN13EmbeddedProto13WireFormatter16DeserializeFixedIyEENS_5ErrorERNS_19ReadBufferInterfaceERT_
                0x0000000008000bce       0xb2 ./Core/Inc/MessageInterface.o
                0x0000000008000bce                EmbeddedProto::Error EmbeddedProto::WireFormatter::DeserializeFixed<unsigned long long>(EmbeddedProto::ReadBufferInterface&, unsigned long long&)
 .text._ZN13EmbeddedProto13WireFormatter17DeserializeVarintIyEENS_5ErrorERNS_19ReadBufferInterfaceERT_
                0x0000000008000c80       0xf4 ./Core/Inc/MessageInterface.o
                0x0000000008000c80                EmbeddedProto::Error EmbeddedProto::WireFormatter::DeserializeVarint<unsigned long long>(EmbeddedProto::ReadBufferInterface&, unsigned long long&)
 .text._ZN13EmbeddedProto19ReadBufferInterfaceD2Ev
                0x0000000008000d74       0x20 ./Core/Inc/MessageInterface.o
                0x0000000008000d74                EmbeddedProto::ReadBufferInterface::~ReadBufferInterface()
                0x0000000008000d74                EmbeddedProto::ReadBufferInterface::~ReadBufferInterface()
 .text._ZN13EmbeddedProto19ReadBufferInterfaceD0Ev
                0x0000000008000d94       0x20 ./Core/Inc/MessageInterface.o
                0x0000000008000d94                EmbeddedProto::ReadBufferInterface::~ReadBufferInterface()
 .text._ZN13EmbeddedProto17ReadBufferSectionD2Ev
                0x0000000008000db4       0x24 ./Core/Inc/MessageInterface.o
                0x0000000008000db4                EmbeddedProto::ReadBufferSection::~ReadBufferSection()
                0x0000000008000db4                EmbeddedProto::ReadBufferSection::~ReadBufferSection()
 .text._ZN13EmbeddedProto17ReadBufferSectionD0Ev
                0x0000000008000dd8       0x20 ./Core/Inc/MessageInterface.o
                0x0000000008000dd8                EmbeddedProto::ReadBufferSection::~ReadBufferSection()
 .text._ZN13EmbeddedProto19ReadBufferInterfaceC2Ev
                0x0000000008000df8       0x20 ./Core/Inc/ReadBufferSection.o
                0x0000000008000df8                EmbeddedProto::ReadBufferInterface::ReadBufferInterface()
                0x0000000008000df8                EmbeddedProto::ReadBufferInterface::ReadBufferInterface()
 .text._ZN13EmbeddedProto17ReadBufferSectionC2ERNS_19ReadBufferInterfaceEm
                0x0000000008000e18       0x7c ./Core/Inc/ReadBufferSection.o
                0x0000000008000e18                EmbeddedProto::ReadBufferSection::ReadBufferSection(EmbeddedProto::ReadBufferInterface&, unsigned long)
                0x0000000008000e18                EmbeddedProto::ReadBufferSection::ReadBufferSection(EmbeddedProto::ReadBufferInterface&, unsigned long)
 .text._ZNK13EmbeddedProto17ReadBufferSection8get_sizeEv
                0x0000000008000e94       0x18 ./Core/Inc/ReadBufferSection.o
                0x0000000008000e94                EmbeddedProto::ReadBufferSection::get_size() const
 .text._ZNK13EmbeddedProto17ReadBufferSection12get_max_sizeEv
                0x0000000008000eac       0x18 ./Core/Inc/ReadBufferSection.o
                0x0000000008000eac                EmbeddedProto::ReadBufferSection::get_max_size() const
 .text._ZNK13EmbeddedProto17ReadBufferSection4peekERh
                0x0000000008000ec4       0x40 ./Core/Inc/ReadBufferSection.o
                0x0000000008000ec4                EmbeddedProto::ReadBufferSection::peek(unsigned char&) const
 .text._ZN13EmbeddedProto17ReadBufferSection7advanceEv
                0x0000000008000f04       0x46 ./Core/Inc/ReadBufferSection.o
                0x0000000008000f04                EmbeddedProto::ReadBufferSection::advance()
 .text._ZN13EmbeddedProto17ReadBufferSection7advanceEm
                0x0000000008000f4a       0x62 ./Core/Inc/ReadBufferSection.o
                0x0000000008000f4a                EmbeddedProto::ReadBufferSection::advance(unsigned long)
 .text._ZN13EmbeddedProto17ReadBufferSection3popERh
                0x0000000008000fac       0x4a ./Core/Inc/ReadBufferSection.o
                0x0000000008000fac                EmbeddedProto::ReadBufferSection::pop(unsigned char&)
 .text._ZSt3minImERKT_S2_S2_
                0x0000000008000ff6       0x28 ./Core/Inc/ReadBufferSection.o
                0x0000000008000ff6                unsigned long const& std::min<unsigned long>(unsigned long const&, unsigned long const&)
 *fill*         0x000000000800101e        0x2 
 .text._ZN14UartReadBufferC2Ev
                0x0000000008001020       0x40 ./Core/Src/UartReadBuffer.o
                0x0000000008001020                UartReadBuffer::UartReadBuffer()
                0x0000000008001020                UartReadBuffer::UartReadBuffer()
 .text._ZNK14UartReadBuffer8get_sizeEv
                0x0000000008001060       0x18 ./Core/Src/UartReadBuffer.o
                0x0000000008001060                UartReadBuffer::get_size() const
 .text._ZNK14UartReadBuffer12get_max_sizeEv
                0x0000000008001078       0x16 ./Core/Src/UartReadBuffer.o
                0x0000000008001078                UartReadBuffer::get_max_size() const
 .text._ZNK14UartReadBuffer4peekERh
                0x000000000800108e       0x3e ./Core/Src/UartReadBuffer.o
                0x000000000800108e                UartReadBuffer::peek(unsigned char&) const
 .text._ZN14UartReadBuffer7advanceEv
                0x00000000080010cc       0x38 ./Core/Src/UartReadBuffer.o
                0x00000000080010cc                UartReadBuffer::advance()
 .text._ZN14UartReadBuffer7advanceEm
                0x0000000008001104       0x3e ./Core/Src/UartReadBuffer.o
                0x0000000008001104                UartReadBuffer::advance(unsigned long)
 .text._ZN14UartReadBuffer3popERh
                0x0000000008001142       0x48 ./Core/Src/UartReadBuffer.o
                0x0000000008001142                UartReadBuffer::pop(unsigned char&)
 .text._ZN14UartReadBuffer5clearEv
                0x000000000800118a       0x20 ./Core/Src/UartReadBuffer.o
                0x000000000800118a                UartReadBuffer::clear()
 .text._ZN14UartReadBuffer4pushERh
                0x00000000080011aa       0x46 ./Core/Src/UartReadBuffer.o
                0x00000000080011aa                UartReadBuffer::push(unsigned char&)
 .text._ZN14UartReadBufferD2Ev
                0x00000000080011f0       0x24 ./Core/Src/UartReadBuffer.o
                0x00000000080011f0                UartReadBuffer::~UartReadBuffer()
                0x00000000080011f0                UartReadBuffer::~UartReadBuffer()
 .text._ZN14UartReadBufferD0Ev
                0x0000000008001214       0x20 ./Core/Src/UartReadBuffer.o
                0x0000000008001214                UartReadBuffer::~UartReadBuffer()
 .text._ZN15UartWriteBuffer5clearEv
                0x0000000008001234       0x1a ./Core/Src/UartWriteBuffer.o
                0x0000000008001234                UartWriteBuffer::clear()
 .text._ZNK15UartWriteBuffer8get_sizeEv
                0x000000000800124e       0x18 ./Core/Src/UartWriteBuffer.o
                0x000000000800124e                UartWriteBuffer::get_size() const
 .text._ZNK15UartWriteBuffer12get_max_sizeEv
                0x0000000008001266       0x16 ./Core/Src/UartWriteBuffer.o
                0x0000000008001266                UartWriteBuffer::get_max_size() const
 .text._ZNK15UartWriteBuffer18get_available_sizeEv
                0x000000000800127c       0x1c ./Core/Src/UartWriteBuffer.o
                0x000000000800127c                UartWriteBuffer::get_available_size() const
 .text._ZN15UartWriteBuffer4pushEh
                0x0000000008001298       0x44 ./Core/Src/UartWriteBuffer.o
                0x0000000008001298                UartWriteBuffer::push(unsigned char)
 .text._ZN15UartWriteBuffer4pushEPKhm
                0x00000000080012dc       0x4e ./Core/Src/UartWriteBuffer.o
                0x00000000080012dc                UartWriteBuffer::push(unsigned char const*, unsigned long)
 .text._ZN15UartWriteBuffer8get_dataEv
                0x000000000800132a       0x18 ./Core/Src/UartWriteBuffer.o
                0x000000000800132a                UartWriteBuffer::get_data()
 *fill*         0x0000000008001342        0x2 
 .text._ZN15UartWriteBufferD2Ev
                0x0000000008001344       0x24 ./Core/Src/UartWriteBuffer.o
                0x0000000008001344                UartWriteBuffer::~UartWriteBuffer()
                0x0000000008001344                UartWriteBuffer::~UartWriteBuffer()
 .text._ZN15UartWriteBufferD0Ev
                0x0000000008001368       0x20 ./Core/Src/UartWriteBuffer.o
                0x0000000008001368                UartWriteBuffer::~UartWriteBuffer()
 .text._ZN13EmbeddedProto13WireFormatter14DeserializeTagERNS_19ReadBufferInterfaceERNS0_8WireTypeERm
                0x0000000008001388       0x4e ./Core/Src/main.o
                0x0000000008001388                EmbeddedProto::WireFormatter::DeserializeTag(EmbeddedProto::ReadBufferInterface&, EmbeddedProto::WireFormatter::WireType&, unsigned long&)
 .text._ZN13EmbeddedProto13WireFormatter15DeserializeBoolERNS_19ReadBufferInterfaceERb
                0x00000000080013d6       0x46 ./Core/Src/main.o
                0x00000000080013d6                EmbeddedProto::WireFormatter::DeserializeBool(EmbeddedProto::ReadBufferInterface&, bool&)
 .text._ZN13EmbeddedProto5FieldC2Ev
                0x000000000800141c       0x20 ./Core/Src/main.o
                0x000000000800141c                EmbeddedProto::Field::Field()
                0x000000000800141c                EmbeddedProto::Field::Field()
 .text._ZN13EmbeddedProto5FieldD2Ev
                0x000000000800143c       0x20 ./Core/Src/main.o
                0x000000000800143c                EmbeddedProto::Field::~Field()
                0x000000000800143c                EmbeddedProto::Field::~Field()
 .text._ZN13EmbeddedProto5FieldD0Ev
                0x000000000800145c       0x20 ./Core/Src/main.o
                0x000000000800145c                EmbeddedProto::Field::~Field()
 .text._ZN13EmbeddedProto16MessageInterfaceC2Ev
                0x000000000800147c       0x24 ./Core/Src/main.o
                0x000000000800147c                EmbeddedProto::MessageInterface::MessageInterface()
                0x000000000800147c                EmbeddedProto::MessageInterface::MessageInterface()
 .text._ZN13EmbeddedProto16MessageInterfaceD2Ev
                0x00000000080014a0       0x24 ./Core/Src/main.o
                0x00000000080014a0                EmbeddedProto::MessageInterface::~MessageInterface()
                0x00000000080014a0                EmbeddedProto::MessageInterface::~MessageInterface()
 .text._ZN13EmbeddedProto16MessageInterfaceD0Ev
                0x00000000080014c4       0x20 ./Core/Src/main.o
                0x00000000080014c4                EmbeddedProto::MessageInterface::~MessageInterface()
 .text._ZN7Command12clear_buttonEv
                0x00000000080014e4       0x1a ./Core/Src/main.o
                0x00000000080014e4                Command::clear_button()
 .text._ZNK7Command10get_buttonEv
                0x00000000080014fe       0x1c ./Core/Src/main.o
                0x00000000080014fe                Command::get_button() const
 .text._ZN7Command11clear_valueEv
                0x000000000800151a       0x1a ./Core/Src/main.o
                0x000000000800151a                Command::clear_value()
 .text._ZNK7Command9serializeERN13EmbeddedProto20WriteBufferInterfaceE
                0x0000000008001534       0x7e ./Core/Src/main.o
                0x0000000008001534                Command::serialize(EmbeddedProto::WriteBufferInterface&) const
 .text._ZN7Command11deserializeERN13EmbeddedProto19ReadBufferInterfaceE
                0x00000000080015b2       0xce ./Core/Src/main.o
                0x00000000080015b2                Command::deserialize(EmbeddedProto::ReadBufferInterface&)
 .text._ZN7Command5clearEv
                0x0000000008001680       0x1c ./Core/Src/main.o
                0x0000000008001680                Command::clear()
 .text._ZN5Reply15clear_LED_stateEv
                0x000000000800169c       0x1a ./Core/Src/main.o
                0x000000000800169c                Reply::clear_LED_state()
 .text._ZN5Reply13set_LED_stateEOKb
                0x00000000080016b6       0x1e ./Core/Src/main.o
                0x00000000080016b6                Reply::set_LED_state(bool const&&)
 .text._ZNK5Reply9serializeERN13EmbeddedProto20WriteBufferInterfaceE
                0x00000000080016d4       0x4a ./Core/Src/main.o
                0x00000000080016d4                Reply::serialize(EmbeddedProto::WriteBufferInterface&) const
 .text._ZN5Reply11deserializeERN13EmbeddedProto19ReadBufferInterfaceE
                0x000000000800171e       0xae ./Core/Src/main.o
                0x000000000800171e                Reply::deserialize(EmbeddedProto::ReadBufferInterface&)
 .text._ZN5Reply5clearEv
                0x00000000080017cc       0x16 ./Core/Src/main.o
                0x00000000080017cc                Reply::clear()
 *fill*         0x00000000080017e2        0x2 
 .text._ZN13EmbeddedProto20WriteBufferInterfaceC2Ev
                0x00000000080017e4       0x20 ./Core/Src/main.o
                0x00000000080017e4                EmbeddedProto::WriteBufferInterface::WriteBufferInterface()
                0x00000000080017e4                EmbeddedProto::WriteBufferInterface::WriteBufferInterface()
 .text._ZN15UartWriteBufferC2Ev
                0x0000000008001804       0x24 ./Core/Src/main.o
                0x0000000008001804                UartWriteBuffer::UartWriteBuffer()
                0x0000000008001804                UartWriteBuffer::UartWriteBuffer()
 .text._ZN7CommandC2Ev
                0x0000000008001828       0x4c ./Core/Src/main.o
                0x0000000008001828                Command::Command()
                0x0000000008001828                Command::Command()
 .text._ZN5ReplyC2Ev
                0x0000000008001874       0x38 ./Core/Src/main.o
                0x0000000008001874                Reply::Reply()
                0x0000000008001874                Reply::Reply()
 .text.main     0x00000000080018ac      0x100 ./Core/Src/main.o
                0x00000000080018ac                main
 .text._Z18SystemClock_Configv
                0x00000000080019ac      0x108 ./Core/Src/main.o
                0x00000000080019ac                SystemClock_Config()
 .text._ZL19MX_USART3_UART_Initv
                0x0000000008001ab4       0xc0 ./Core/Src/main.o
 .text._ZL22MX_USB_OTG_HS_USB_Initv
                0x0000000008001b74        0xe ./Core/Src/main.o
 *fill*         0x0000000008001b82        0x2 
 .text._ZL12MX_GPIO_Initv
                0x0000000008001b84      0x234 ./Core/Src/main.o
 .text._Z15process_commandRK7CommandR5Reply
                0x0000000008001db8       0xac ./Core/Src/main.o
                0x0000000008001db8                process_command(Command const&, Reply&)
 .text.Error_Handler
                0x0000000008001e64        0xa ./Core/Src/main.o
                0x0000000008001e64                Error_Handler
 .text._ZN13EmbeddedProto13FieldTemplateILNS_5Field10FieldTypesE7EN7Command7ButtonsELNS_13WireFormatter8WireTypeE0EEC2EOKS4_
                0x0000000008001e6e       0x20 ./Core/Src/main.o
                0x0000000008001e6e                EmbeddedProto::FieldTemplate<(EmbeddedProto::Field::FieldTypes)7, Command::Buttons, (EmbeddedProto::WireFormatter::WireType)0>::FieldTemplate(Command::Buttons const&&)
                0x0000000008001e6e                EmbeddedProto::FieldTemplate<(EmbeddedProto::Field::FieldTypes)7, Command::Buttons, (EmbeddedProto::WireFormatter::WireType)0>::FieldTemplate(Command::Buttons const&&)
 .text._ZN13EmbeddedProto13FieldTemplateILNS_5Field10FieldTypesE2EmLNS_13WireFormatter8WireTypeE0EEC2EOKm
                0x0000000008001e8e       0x20 ./Core/Src/main.o
                0x0000000008001e8e                EmbeddedProto::FieldTemplate<(EmbeddedProto::Field::FieldTypes)2, unsigned long, (EmbeddedProto::WireFormatter::WireType)0>::FieldTemplate(unsigned long const&&)
                0x0000000008001e8e                EmbeddedProto::FieldTemplate<(EmbeddedProto::Field::FieldTypes)2, unsigned long, (EmbeddedProto::WireFormatter::WireType)0>::FieldTemplate(unsigned long const&&)
 .text._ZN13EmbeddedProto13FieldTemplateILNS_5Field10FieldTypesE7EN7Command7ButtonsELNS_13WireFormatter8WireTypeE0EE5clearEv
                0x0000000008001eae       0x1a ./Core/Src/main.o
                0x0000000008001eae                EmbeddedProto::FieldTemplate<(EmbeddedProto::Field::FieldTypes)7, Command::Buttons, (EmbeddedProto::WireFormatter::WireType)0>::clear()
 .text._ZNK13EmbeddedProto13FieldTemplateILNS_5Field10FieldTypesE7EN7Command7ButtonsELNS_13WireFormatter8WireTypeE0EE3getEv
                0x0000000008001ec8       0x16 ./Core/Src/main.o
                0x0000000008001ec8                EmbeddedProto::FieldTemplate<(EmbeddedProto::Field::FieldTypes)7, Command::Buttons, (EmbeddedProto::WireFormatter::WireType)0>::get() const
 .text._ZN13EmbeddedProto13FieldTemplateILNS_5Field10FieldTypesE2EmLNS_13WireFormatter8WireTypeE0EE5clearEv
                0x0000000008001ede       0x1a ./Core/Src/main.o
                0x0000000008001ede                EmbeddedProto::FieldTemplate<(EmbeddedProto::Field::FieldTypes)2, unsigned long, (EmbeddedProto::WireFormatter::WireType)0>::clear()
 .text._ZN13EmbeddedProto13FieldTemplateILNS_5Field10FieldTypesE2EmLNS_13WireFormatter8WireTypeE0EE3getEv
                0x0000000008001ef8       0x16 ./Core/Src/main.o
                0x0000000008001ef8                EmbeddedProto::FieldTemplate<(EmbeddedProto::Field::FieldTypes)2, unsigned long, (EmbeddedProto::WireFormatter::WireType)0>::get()
 .text._ZNK13EmbeddedProto13FieldTemplateILNS_5Field10FieldTypesE2EmLNS_13WireFormatter8WireTypeE0EE3getEv
                0x0000000008001f0e       0x16 ./Core/Src/main.o
                0x0000000008001f0e                EmbeddedProto::FieldTemplate<(EmbeddedProto::Field::FieldTypes)2, unsigned long, (EmbeddedProto::WireFormatter::WireType)0>::get() const
 .text._ZNK13EmbeddedProto13FieldTemplateILNS_5Field10FieldTypesE7EN7Command7ButtonsELNS_13WireFormatter8WireTypeE0EE17serialize_with_idEmRNS_20WriteBufferInterfaceEb
                0x0000000008001f24       0x3c ./Core/Src/main.o
                0x0000000008001f24                EmbeddedProto::FieldTemplate<(EmbeddedProto::Field::FieldTypes)7, Command::Buttons, (EmbeddedProto::WireFormatter::WireType)0>::serialize_with_id(unsigned long, EmbeddedProto::WriteBufferInterface&, bool) const
 .text._ZNK13EmbeddedProto13FieldTemplateILNS_5Field10FieldTypesE2EmLNS_13WireFormatter8WireTypeE0EE17serialize_with_idEmRNS_20WriteBufferInterfaceEb
                0x0000000008001f60       0x3c ./Core/Src/main.o
                0x0000000008001f60                EmbeddedProto::FieldTemplate<(EmbeddedProto::Field::FieldTypes)2, unsigned long, (EmbeddedProto::WireFormatter::WireType)0>::serialize_with_id(unsigned long, EmbeddedProto::WriteBufferInterface&, bool) const
 .text._ZN13EmbeddedProto13FieldTemplateILNS_5Field10FieldTypesE7EN7Command7ButtonsELNS_13WireFormatter8WireTypeE0EE22deserialize_check_typeERNS_19ReadBufferInterfaceERKS6_
                0x0000000008001f9c       0x36 ./Core/Src/main.o
                0x0000000008001f9c                EmbeddedProto::FieldTemplate<(EmbeddedProto::Field::FieldTypes)7, Command::Buttons, (EmbeddedProto::WireFormatter::WireType)0>::deserialize_check_type(EmbeddedProto::ReadBufferInterface&, EmbeddedProto::WireFormatter::WireType const&)
 .text._ZN13EmbeddedProto13FieldTemplateILNS_5Field10FieldTypesE2EmLNS_13WireFormatter8WireTypeE0EE22deserialize_check_typeERNS_19ReadBufferInterfaceERKS4_
                0x0000000008001fd2       0x36 ./Core/Src/main.o
                0x0000000008001fd2                EmbeddedProto::FieldTemplate<(EmbeddedProto::Field::FieldTypes)2, unsigned long, (EmbeddedProto::WireFormatter::WireType)0>::deserialize_check_type(EmbeddedProto::ReadBufferInterface&, EmbeddedProto::WireFormatter::WireType const&)
 .text._ZN13EmbeddedProto13FieldTemplateILNS_5Field10FieldTypesE6EbLNS_13WireFormatter8WireTypeE0EEC2EOKb
                0x0000000008002008       0x20 ./Core/Src/main.o
                0x0000000008002008                EmbeddedProto::FieldTemplate<(EmbeddedProto::Field::FieldTypes)6, bool, (EmbeddedProto::WireFormatter::WireType)0>::FieldTemplate(bool const&&)
                0x0000000008002008                EmbeddedProto::FieldTemplate<(EmbeddedProto::Field::FieldTypes)6, bool, (EmbeddedProto::WireFormatter::WireType)0>::FieldTemplate(bool const&&)
 .text._ZN13EmbeddedProto13FieldTemplateILNS_5Field10FieldTypesE6EbLNS_13WireFormatter8WireTypeE0EE5clearEv
                0x0000000008002028       0x1a ./Core/Src/main.o
                0x0000000008002028                EmbeddedProto::FieldTemplate<(EmbeddedProto::Field::FieldTypes)6, bool, (EmbeddedProto::WireFormatter::WireType)0>::clear()
 .text._ZN13EmbeddedProto13FieldTemplateILNS_5Field10FieldTypesE6EbLNS_13WireFormatter8WireTypeE0EEaSERKb
                0x0000000008002042       0x20 ./Core/Src/main.o
                0x0000000008002042                EmbeddedProto::FieldTemplate<(EmbeddedProto::Field::FieldTypes)6, bool, (EmbeddedProto::WireFormatter::WireType)0>::operator=(bool const&)
 .text._ZN13EmbeddedProto13FieldTemplateILNS_5Field10FieldTypesE6EbLNS_13WireFormatter8WireTypeE0EE3getEv
                0x0000000008002062       0x16 ./Core/Src/main.o
                0x0000000008002062                EmbeddedProto::FieldTemplate<(EmbeddedProto::Field::FieldTypes)6, bool, (EmbeddedProto::WireFormatter::WireType)0>::get()
 .text._ZNK13EmbeddedProto13FieldTemplateILNS_5Field10FieldTypesE6EbLNS_13WireFormatter8WireTypeE0EE3getEv
                0x0000000008002078       0x16 ./Core/Src/main.o
                0x0000000008002078                EmbeddedProto::FieldTemplate<(EmbeddedProto::Field::FieldTypes)6, bool, (EmbeddedProto::WireFormatter::WireType)0>::get() const
 .text._ZNK13EmbeddedProto13FieldTemplateILNS_5Field10FieldTypesE6EbLNS_13WireFormatter8WireTypeE0EE17serialize_with_idEmRNS_20WriteBufferInterfaceEb
                0x000000000800208e       0x3c ./Core/Src/main.o
                0x000000000800208e                EmbeddedProto::FieldTemplate<(EmbeddedProto::Field::FieldTypes)6, bool, (EmbeddedProto::WireFormatter::WireType)0>::serialize_with_id(unsigned long, EmbeddedProto::WriteBufferInterface&, bool) const
 .text._ZN13EmbeddedProto13FieldTemplateILNS_5Field10FieldTypesE6EbLNS_13WireFormatter8WireTypeE0EE22deserialize_check_typeERNS_19ReadBufferInterfaceERKS4_
                0x00000000080020ca       0x36 ./Core/Src/main.o
                0x00000000080020ca                EmbeddedProto::FieldTemplate<(EmbeddedProto::Field::FieldTypes)6, bool, (EmbeddedProto::WireFormatter::WireType)0>::deserialize_check_type(EmbeddedProto::ReadBufferInterface&, EmbeddedProto::WireFormatter::WireType const&)
 .text._ZNK13EmbeddedProto13FieldTemplateILNS_5Field10FieldTypesE7EN7Command7ButtonsELNS_13WireFormatter8WireTypeE0EE9serializeERNS_20WriteBufferInterfaceE
                0x0000000008002100       0x1c ./Core/Src/main.o
                0x0000000008002100                EmbeddedProto::FieldTemplate<(EmbeddedProto::Field::FieldTypes)7, Command::Buttons, (EmbeddedProto::WireFormatter::WireType)0>::serialize(EmbeddedProto::WriteBufferInterface&) const
 .text._ZNK13EmbeddedProto13FieldTemplateILNS_5Field10FieldTypesE2EmLNS_13WireFormatter8WireTypeE0EE9serializeERNS_20WriteBufferInterfaceE
                0x000000000800211c       0x1c ./Core/Src/main.o
                0x000000000800211c                EmbeddedProto::FieldTemplate<(EmbeddedProto::Field::FieldTypes)2, unsigned long, (EmbeddedProto::WireFormatter::WireType)0>::serialize(EmbeddedProto::WriteBufferInterface&) const
 .text._ZN13EmbeddedProto13FieldTemplateILNS_5Field10FieldTypesE7EN7Command7ButtonsELNS_13WireFormatter8WireTypeE0EE11deserializeERNS_19ReadBufferInterfaceE
                0x0000000008002138       0x1c ./Core/Src/main.o
                0x0000000008002138                EmbeddedProto::FieldTemplate<(EmbeddedProto::Field::FieldTypes)7, Command::Buttons, (EmbeddedProto::WireFormatter::WireType)0>::deserialize(EmbeddedProto::ReadBufferInterface&)
 .text._ZN13EmbeddedProto13FieldTemplateILNS_5Field10FieldTypesE2EmLNS_13WireFormatter8WireTypeE0EE11deserializeERNS_19ReadBufferInterfaceE
                0x0000000008002154       0x1c ./Core/Src/main.o
                0x0000000008002154                EmbeddedProto::FieldTemplate<(EmbeddedProto::Field::FieldTypes)2, unsigned long, (EmbeddedProto::WireFormatter::WireType)0>::deserialize(EmbeddedProto::ReadBufferInterface&)
 .text._ZNK13EmbeddedProto13FieldTemplateILNS_5Field10FieldTypesE6EbLNS_13WireFormatter8WireTypeE0EE9serializeERNS_20WriteBufferInterfaceE
                0x0000000008002170       0x1c ./Core/Src/main.o
                0x0000000008002170                EmbeddedProto::FieldTemplate<(EmbeddedProto::Field::FieldTypes)6, bool, (EmbeddedProto::WireFormatter::WireType)0>::serialize(EmbeddedProto::WriteBufferInterface&) const
 .text._ZN13EmbeddedProto13FieldTemplateILNS_5Field10FieldTypesE6EbLNS_13WireFormatter8WireTypeE0EE11deserializeERNS_19ReadBufferInterfaceE
                0x000000000800218c       0x1c ./Core/Src/main.o
                0x000000000800218c                EmbeddedProto::FieldTemplate<(EmbeddedProto::Field::FieldTypes)6, bool, (EmbeddedProto::WireFormatter::WireType)0>::deserialize(EmbeddedProto::ReadBufferInterface&)
 .text._ZNK13EmbeddedProto13FieldTemplateILNS_5Field10FieldTypesE7EN7Command7ButtonsELNS_13WireFormatter8WireTypeE0EE10serialize_ILS2_7ELb1EEENS_5ErrorERNS_20WriteBufferInterfaceE
                0x00000000080021a8       0x26 ./Core/Src/main.o
                0x00000000080021a8                EmbeddedProto::Error EmbeddedProto::FieldTemplate<(EmbeddedProto::Field::FieldTypes)7, Command::Buttons, (EmbeddedProto::WireFormatter::WireType)0>::serialize_<(EmbeddedProto::Field::FieldTypes)7, true>(EmbeddedProto::WriteBufferInterface&) const
 .text._ZNK13EmbeddedProto13FieldTemplateILNS_5Field10FieldTypesE2EmLNS_13WireFormatter8WireTypeE0EE10serialize_ILS2_2ELb1EEENS_5ErrorERNS_20WriteBufferInterfaceE
                0x00000000080021ce       0x26 ./Core/Src/main.o
                0x00000000080021ce                EmbeddedProto::Error EmbeddedProto::FieldTemplate<(EmbeddedProto::Field::FieldTypes)2, unsigned long, (EmbeddedProto::WireFormatter::WireType)0>::serialize_<(EmbeddedProto::Field::FieldTypes)2, true>(EmbeddedProto::WriteBufferInterface&) const
 .text._ZN13EmbeddedProto13FieldTemplateILNS_5Field10FieldTypesE7EN7Command7ButtonsELNS_13WireFormatter8WireTypeE0EE12deserialize_ILS2_7ELb1EEENS_5ErrorERNS_19ReadBufferInterfaceE
                0x00000000080021f4       0x32 ./Core/Src/main.o
                0x00000000080021f4                EmbeddedProto::Error EmbeddedProto::FieldTemplate<(EmbeddedProto::Field::FieldTypes)7, Command::Buttons, (EmbeddedProto::WireFormatter::WireType)0>::deserialize_<(EmbeddedProto::Field::FieldTypes)7, true>(EmbeddedProto::ReadBufferInterface&)
 .text._ZN13EmbeddedProto13FieldTemplateILNS_5Field10FieldTypesE2EmLNS_13WireFormatter8WireTypeE0EE12deserialize_ILS2_2ELb1EEENS_5ErrorERNS_19ReadBufferInterfaceE
                0x0000000008002226       0x24 ./Core/Src/main.o
                0x0000000008002226                EmbeddedProto::Error EmbeddedProto::FieldTemplate<(EmbeddedProto::Field::FieldTypes)2, unsigned long, (EmbeddedProto::WireFormatter::WireType)0>::deserialize_<(EmbeddedProto::Field::FieldTypes)2, true>(EmbeddedProto::ReadBufferInterface&)
 .text._ZNK13EmbeddedProto13FieldTemplateILNS_5Field10FieldTypesE6EbLNS_13WireFormatter8WireTypeE0EE10serialize_ILS2_6ELb1EEENS_5ErrorERNS_20WriteBufferInterfaceE
                0x000000000800224a       0x44 ./Core/Src/main.o
                0x000000000800224a                EmbeddedProto::Error EmbeddedProto::FieldTemplate<(EmbeddedProto::Field::FieldTypes)6, bool, (EmbeddedProto::WireFormatter::WireType)0>::serialize_<(EmbeddedProto::Field::FieldTypes)6, true>(EmbeddedProto::WriteBufferInterface&) const
 .text._ZN13EmbeddedProto13FieldTemplateILNS_5Field10FieldTypesE6EbLNS_13WireFormatter8WireTypeE0EE12deserialize_ILS2_6ELb1EEENS_5ErrorERNS_19ReadBufferInterfaceE
                0x000000000800228e       0x24 ./Core/Src/main.o
                0x000000000800228e                EmbeddedProto::Error EmbeddedProto::FieldTemplate<(EmbeddedProto::Field::FieldTypes)6, bool, (EmbeddedProto::WireFormatter::WireType)0>::deserialize_<(EmbeddedProto::Field::FieldTypes)6, true>(EmbeddedProto::ReadBufferInterface&)
 .text._ZN13EmbeddedProto13WireFormatter15DeserializeUIntImEENS_5ErrorERNS_19ReadBufferInterfaceERT_
                0x00000000080022b2       0x1c ./Core/Src/main.o
                0x00000000080022b2                EmbeddedProto::Error EmbeddedProto::WireFormatter::DeserializeUInt<unsigned long>(EmbeddedProto::ReadBufferInterface&, unsigned long&)
 *fill*         0x00000000080022ce        0x2 
 .text._ZN5ReplyD2Ev
                0x00000000080022d0       0x24 ./Core/Src/main.o
                0x00000000080022d0                Reply::~Reply()
                0x00000000080022d0                Reply::~Reply()
 .text._ZN5ReplyD0Ev
                0x00000000080022f4       0x20 ./Core/Src/main.o
                0x00000000080022f4                Reply::~Reply()
 .text._ZN7CommandD2Ev
                0x0000000008002314       0x24 ./Core/Src/main.o
                0x0000000008002314                Command::~Command()
                0x0000000008002314                Command::~Command()
 .text._ZN7CommandD0Ev
                0x0000000008002338       0x20 ./Core/Src/main.o
                0x0000000008002338                Command::~Command()
 .text._Z41__static_initialization_and_destruction_0ii
                0x0000000008002358       0x74 ./Core/Src/main.o
 .text._GLOBAL__sub_I_huart3
                0x00000000080023cc       0x10 ./Core/Src/main.o
 .text._GLOBAL__sub_D_huart3
                0x00000000080023dc       0x10 ./Core/Src/main.o
 .text.HAL_MspInit
                0x00000000080023ec       0x34 ./Core/Src/stm32h7xx_hal_msp.o
                0x00000000080023ec                HAL_MspInit
 .text.HAL_UART_MspInit
                0x0000000008002420       0xe4 ./Core/Src/stm32h7xx_hal_msp.o
                0x0000000008002420                HAL_UART_MspInit
 .text.NMI_Handler
                0x0000000008002504        0x6 ./Core/Src/stm32h7xx_it.o
                0x0000000008002504                NMI_Handler
 .text.HardFault_Handler
                0x000000000800250a        0x6 ./Core/Src/stm32h7xx_it.o
                0x000000000800250a                HardFault_Handler
 .text.MemManage_Handler
                0x0000000008002510        0x6 ./Core/Src/stm32h7xx_it.o
                0x0000000008002510                MemManage_Handler
 .text.BusFault_Handler
                0x0000000008002516        0x6 ./Core/Src/stm32h7xx_it.o
                0x0000000008002516                BusFault_Handler
 .text.UsageFault_Handler
                0x000000000800251c        0x6 ./Core/Src/stm32h7xx_it.o
                0x000000000800251c                UsageFault_Handler
 .text.SVC_Handler
                0x0000000008002522        0xe ./Core/Src/stm32h7xx_it.o
                0x0000000008002522                SVC_Handler
 .text.DebugMon_Handler
                0x0000000008002530        0xe ./Core/Src/stm32h7xx_it.o
                0x0000000008002530                DebugMon_Handler
 .text.PendSV_Handler
                0x000000000800253e        0xe ./Core/Src/stm32h7xx_it.o
                0x000000000800253e                PendSV_Handler
 .text.SysTick_Handler
                0x000000000800254c        0xc ./Core/Src/stm32h7xx_it.o
                0x000000000800254c                SysTick_Handler
 .text.USART3_IRQHandler
                0x0000000008002558       0x14 ./Core/Src/stm32h7xx_it.o
                0x0000000008002558                USART3_IRQHandler
 .text.SystemInit
                0x000000000800256c       0xf0 ./Core/Src/system_stm32h7xx.o
                0x000000000800256c                SystemInit
 .text.Reset_Handler
                0x000000000800265c       0x50 ./Core/Startup/startup_stm32h7a3zitxq.o
                0x000000000800265c                Reset_Handler
 .text.Default_Handler
                0x00000000080026ac        0x2 ./Core/Startup/startup_stm32h7a3zitxq.o
                0x00000000080026ac                RTC_Alarm_IRQHandler
                0x00000000080026ac                EXTI2_IRQHandler
                0x00000000080026ac                TIM8_CC_IRQHandler
                0x00000000080026ac                UART8_IRQHandler
                0x00000000080026ac                BDMA2_Channel1_IRQHandler
                0x00000000080026ac                SPI4_IRQHandler
                0x00000000080026ac                BDMA2_Channel0_IRQHandler
                0x00000000080026ac                TIM1_CC_IRQHandler
                0x00000000080026ac                DMA2_Stream5_IRQHandler
                0x00000000080026ac                JPEG_IRQHandler
                0x00000000080026ac                DMA1_Stream5_IRQHandler
                0x00000000080026ac                EXTI3_IRQHandler
                0x00000000080026ac                LPTIM4_IRQHandler
                0x00000000080026ac                TIM8_TRG_COM_TIM14_IRQHandler
                0x00000000080026ac                LPTIM2_IRQHandler
                0x00000000080026ac                DFSDM1_FLT1_IRQHandler
                0x00000000080026ac                DMAMUX2_OVR_IRQHandler
                0x00000000080026ac                GFXMMU_IRQHandler
                0x00000000080026ac                TIM8_UP_TIM13_IRQHandler
                0x00000000080026ac                I2C3_ER_IRQHandler
                0x00000000080026ac                DFSDM1_FLT2_IRQHandler
                0x00000000080026ac                USART10_IRQHandler
                0x00000000080026ac                MDMA_IRQHandler
                0x00000000080026ac                LPTIM3_IRQHandler
                0x00000000080026ac                BDMA2_Channel3_IRQHandler
                0x00000000080026ac                HSEM1_IRQHandler
                0x00000000080026ac                EXTI0_IRQHandler
                0x00000000080026ac                I2C2_EV_IRQHandler
                0x00000000080026ac                DAC2_IRQHandler
                0x00000000080026ac                DMA1_Stream2_IRQHandler
                0x00000000080026ac                FPU_IRQHandler
                0x00000000080026ac                OTG_HS_WKUP_IRQHandler
                0x00000000080026ac                FDCAN1_IT1_IRQHandler
                0x00000000080026ac                LTDC_ER_IRQHandler
                0x00000000080026ac                DMA2_Stream2_IRQHandler
                0x00000000080026ac                SPI1_IRQHandler
                0x00000000080026ac                OCTOSPI1_IRQHandler
                0x00000000080026ac                TIM6_DAC_IRQHandler
                0x00000000080026ac                BDMA2_Channel6_IRQHandler
                0x00000000080026ac                DMA2_Stream3_IRQHandler
                0x00000000080026ac                OCTOSPI2_IRQHandler
                0x00000000080026ac                SAI2_IRQHandler
                0x00000000080026ac                BDMA1_IRQHandler
                0x00000000080026ac                DFSDM1_FLT3_IRQHandler
                0x00000000080026ac                USART6_IRQHandler
                0x00000000080026ac                TIM17_IRQHandler
                0x00000000080026ac                LPTIM5_IRQHandler
                0x00000000080026ac                UART5_IRQHandler
                0x00000000080026ac                DMA2_Stream0_IRQHandler
                0x00000000080026ac                TIM4_IRQHandler
                0x00000000080026ac                I2C1_EV_IRQHandler
                0x00000000080026ac                DMA1_Stream6_IRQHandler
                0x00000000080026ac                DMAMUX1_OVR_IRQHandler
                0x00000000080026ac                DMA1_Stream1_IRQHandler
                0x00000000080026ac                TIM16_IRQHandler
                0x00000000080026ac                UART4_IRQHandler
                0x00000000080026ac                TIM3_IRQHandler
                0x00000000080026ac                RCC_IRQHandler
                0x00000000080026ac                UART9_IRQHandler
                0x00000000080026ac                TIM8_BRK_TIM12_IRQHandler
                0x00000000080026ac                TIM1_TRG_COM_IRQHandler
                0x00000000080026ac                Default_Handler
                0x00000000080026ac                ECC_IRQHandler
                0x00000000080026ac                BDMA2_Channel2_IRQHandler
                0x00000000080026ac                CEC_IRQHandler
                0x00000000080026ac                EXTI15_10_IRQHandler
                0x00000000080026ac                DFSDM1_FLT4_IRQHandler
                0x00000000080026ac                ADC_IRQHandler
                0x00000000080026ac                DMA1_Stream7_IRQHandler
                0x00000000080026ac                SPI5_IRQHandler
                0x00000000080026ac                TIM7_IRQHandler
                0x00000000080026ac                SDMMC1_IRQHandler
                0x00000000080026ac                TIM5_IRQHandler
                0x00000000080026ac                DMA2_Stream7_IRQHandler
                0x00000000080026ac                TIM15_IRQHandler
                0x00000000080026ac                I2C3_EV_IRQHandler
                0x00000000080026ac                DFSDM2_IRQHandler
                0x00000000080026ac                EXTI9_5_IRQHandler
                0x00000000080026ac                RTC_WKUP_IRQHandler
                0x00000000080026ac                LTDC_IRQHandler
                0x00000000080026ac                SPDIF_RX_IRQHandler
                0x00000000080026ac                PVD_PVM_IRQHandler
                0x00000000080026ac                SPI2_IRQHandler
                0x00000000080026ac                OTG_HS_EP1_IN_IRQHandler
                0x00000000080026ac                DFSDM1_FLT5_IRQHandler
                0x00000000080026ac                DMA1_Stream0_IRQHandler
                0x00000000080026ac                CRS_IRQHandler
                0x00000000080026ac                EXTI4_IRQHandler
                0x00000000080026ac                DFSDM1_FLT6_IRQHandler
                0x00000000080026ac                RNG_IRQHandler
                0x00000000080026ac                FDCAN2_IT1_IRQHandler
                0x00000000080026ac                COMP_IRQHandler
                0x00000000080026ac                TIM1_UP_IRQHandler
                0x00000000080026ac                OTG_HS_EP1_OUT_IRQHandler
                0x00000000080026ac                WWDG_IRQHandler
                0x00000000080026ac                SPI6_IRQHandler
                0x00000000080026ac                MDIOS_IRQHandler
                0x00000000080026ac                I2C4_EV_IRQHandler
                0x00000000080026ac                FDCAN2_IT0_IRQHandler
                0x00000000080026ac                LPUART1_IRQHandler
                0x00000000080026ac                FDCAN1_IT0_IRQHandler
                0x00000000080026ac                TIM2_IRQHandler
                0x00000000080026ac                BDMA2_Channel5_IRQHandler
                0x00000000080026ac                OTG_HS_IRQHandler
                0x00000000080026ac                DMA2D_IRQHandler
                0x00000000080026ac                TIM1_BRK_IRQHandler
                0x00000000080026ac                EXTI1_IRQHandler
                0x00000000080026ac                SDMMC2_IRQHandler
                0x00000000080026ac                DTS_IRQHandler
                0x00000000080026ac                UART7_IRQHandler
                0x00000000080026ac                MDIOS_WKUP_IRQHandler
                0x00000000080026ac                USART2_IRQHandler
                0x00000000080026ac                DFSDM1_FLT0_IRQHandler
                0x00000000080026ac                I2C2_ER_IRQHandler
                0x00000000080026ac                DMA2_Stream1_IRQHandler
                0x00000000080026ac                DFSDM1_FLT7_IRQHandler
                0x00000000080026ac                FLASH_IRQHandler
                0x00000000080026ac                DMA2_Stream4_IRQHandler
                0x00000000080026ac                USART1_IRQHandler
                0x00000000080026ac                SPI3_IRQHandler
                0x00000000080026ac                WAKEUP_PIN_IRQHandler
                0x00000000080026ac                DMA1_Stream4_IRQHandler
                0x00000000080026ac                I2C1_ER_IRQHandler
                0x00000000080026ac                FMC_IRQHandler
                0x00000000080026ac                BDMA2_Channel7_IRQHandler
                0x00000000080026ac                FDCAN_CAL_IRQHandler
                0x00000000080026ac                SWPMI1_IRQHandler
                0x00000000080026ac                LPTIM1_IRQHandler
                0x00000000080026ac                DCMI_PSSI_IRQHandler
                0x00000000080026ac                I2C4_ER_IRQHandler
                0x00000000080026ac                DMA2_Stream6_IRQHandler
                0x00000000080026ac                SAI1_IRQHandler
                0x00000000080026ac                DMA1_Stream3_IRQHandler
                0x00000000080026ac                RTC_TAMP_STAMP_CSS_LSE_IRQHandler
                0x00000000080026ac                BDMA2_Channel4_IRQHandler
 *fill*         0x00000000080026ae        0x2 
 .text.HAL_Init
                0x00000000080026b0       0x78 ./Drivers/STM32H7xx_HAL_Driver/Src/stm32h7xx_hal.o
                0x00000000080026b0                HAL_Init
 .text.HAL_InitTick
                0x0000000008002728       0x6c ./Drivers/STM32H7xx_HAL_Driver/Src/stm32h7xx_hal.o
                0x0000000008002728                HAL_InitTick
 .text.HAL_IncTick
                0x0000000008002794       0x28 ./Drivers/STM32H7xx_HAL_Driver/Src/stm32h7xx_hal.o
                0x0000000008002794                HAL_IncTick
 .text.HAL_GetTick
                0x00000000080027bc       0x18 ./Drivers/STM32H7xx_HAL_Driver/Src/stm32h7xx_hal.o
                0x00000000080027bc                HAL_GetTick
 .text.__NVIC_SetPriorityGrouping
                0x00000000080027d4       0x48 ./Drivers/STM32H7xx_HAL_Driver/Src/stm32h7xx_hal_cortex.o
 .text.__NVIC_GetPriorityGrouping
                0x000000000800281c       0x1c ./Drivers/STM32H7xx_HAL_Driver/Src/stm32h7xx_hal_cortex.o
 .text.__NVIC_EnableIRQ
                0x0000000008002838       0x3c ./Drivers/STM32H7xx_HAL_Driver/Src/stm32h7xx_hal_cortex.o
 .text.__NVIC_SetPriority
                0x0000000008002874       0x54 ./Drivers/STM32H7xx_HAL_Driver/Src/stm32h7xx_hal_cortex.o
 .text.NVIC_EncodePriority
                0x00000000080028c8       0x66 ./Drivers/STM32H7xx_HAL_Driver/Src/stm32h7xx_hal_cortex.o
 *fill*         0x000000000800292e        0x2 
 .text.SysTick_Config
                0x0000000008002930       0x44 ./Drivers/STM32H7xx_HAL_Driver/Src/stm32h7xx_hal_cortex.o
 .text.HAL_NVIC_SetPriorityGrouping
                0x0000000008002974       0x16 ./Drivers/STM32H7xx_HAL_Driver/Src/stm32h7xx_hal_cortex.o
                0x0000000008002974                HAL_NVIC_SetPriorityGrouping
 .text.HAL_NVIC_SetPriority
                0x000000000800298a       0x34 ./Drivers/STM32H7xx_HAL_Driver/Src/stm32h7xx_hal_cortex.o
                0x000000000800298a                HAL_NVIC_SetPriority
 .text.HAL_NVIC_EnableIRQ
                0x00000000080029be       0x1c ./Drivers/STM32H7xx_HAL_Driver/Src/stm32h7xx_hal_cortex.o
                0x00000000080029be                HAL_NVIC_EnableIRQ
 .text.HAL_SYSTICK_Config
                0x00000000080029da       0x18 ./Drivers/STM32H7xx_HAL_Driver/Src/stm32h7xx_hal_cortex.o
                0x00000000080029da                HAL_SYSTICK_Config
 *fill*         0x00000000080029f2        0x2 
 .text.HAL_DMA_Abort
                0x00000000080029f4      0x63c ./Drivers/STM32H7xx_HAL_Driver/Src/stm32h7xx_hal_dma.o
                0x00000000080029f4                HAL_DMA_Abort
 .text.HAL_DMA_Abort_IT
                0x0000000008003030      0x48c ./Drivers/STM32H7xx_HAL_Driver/Src/stm32h7xx_hal_dma.o
                0x0000000008003030                HAL_DMA_Abort_IT
 .text.HAL_GPIO_Init
                0x00000000080034bc      0x360 ./Drivers/STM32H7xx_HAL_Driver/Src/stm32h7xx_hal_gpio.o
                0x00000000080034bc                HAL_GPIO_Init
 .text.HAL_GPIO_ReadPin
                0x000000000800381c       0x30 ./Drivers/STM32H7xx_HAL_Driver/Src/stm32h7xx_hal_gpio.o
                0x000000000800381c                HAL_GPIO_ReadPin
 .text.HAL_GPIO_WritePin
                0x000000000800384c       0x32 ./Drivers/STM32H7xx_HAL_Driver/Src/stm32h7xx_hal_gpio.o
                0x000000000800384c                HAL_GPIO_WritePin
 *fill*         0x000000000800387e        0x2 
 .text.HAL_PWREx_ConfigSupply
                0x0000000008003880       0xb4 ./Drivers/STM32H7xx_HAL_Driver/Src/stm32h7xx_hal_pwr_ex.o
                0x0000000008003880                HAL_PWREx_ConfigSupply
 .text.HAL_RCC_OscConfig
                0x0000000008003934      0x864 ./Drivers/STM32H7xx_HAL_Driver/Src/stm32h7xx_hal_rcc.o
                0x0000000008003934                HAL_RCC_OscConfig
 .text.HAL_RCC_ClockConfig
                0x0000000008004198      0x36c ./Drivers/STM32H7xx_HAL_Driver/Src/stm32h7xx_hal_rcc.o
                0x0000000008004198                HAL_RCC_ClockConfig
 .text.HAL_RCC_GetSysClockFreq
                0x0000000008004504      0x2f4 ./Drivers/STM32H7xx_HAL_Driver/Src/stm32h7xx_hal_rcc.o
                0x0000000008004504                HAL_RCC_GetSysClockFreq
 .text.HAL_RCC_GetHCLKFreq
                0x00000000080047f8       0x60 ./Drivers/STM32H7xx_HAL_Driver/Src/stm32h7xx_hal_rcc.o
                0x00000000080047f8                HAL_RCC_GetHCLKFreq
 .text.HAL_RCC_GetPCLK1Freq
                0x0000000008004858       0x2c ./Drivers/STM32H7xx_HAL_Driver/Src/stm32h7xx_hal_rcc.o
                0x0000000008004858                HAL_RCC_GetPCLK1Freq
 .text.HAL_RCC_GetPCLK2Freq
                0x0000000008004884       0x2c ./Drivers/STM32H7xx_HAL_Driver/Src/stm32h7xx_hal_rcc.o
                0x0000000008004884                HAL_RCC_GetPCLK2Freq
 .text.HAL_RCCEx_PeriphCLKConfig
                0x00000000080048b0     0x137c ./Drivers/STM32H7xx_HAL_Driver/Src/stm32h7xx_hal_rcc_ex.o
                0x00000000080048b0                HAL_RCCEx_PeriphCLKConfig
 .text.HAL_RCCEx_GetD3PCLK1Freq
                0x0000000008005c2c       0x2c ./Drivers/STM32H7xx_HAL_Driver/Src/stm32h7xx_hal_rcc_ex.o
                0x0000000008005c2c                HAL_RCCEx_GetD3PCLK1Freq
 .text.HAL_RCCEx_GetPLL2ClockFreq
                0x0000000008005c58      0x2a8 ./Drivers/STM32H7xx_HAL_Driver/Src/stm32h7xx_hal_rcc_ex.o
                0x0000000008005c58                HAL_RCCEx_GetPLL2ClockFreq
 .text.HAL_RCCEx_GetPLL3ClockFreq
                0x0000000008005f00      0x2a8 ./Drivers/STM32H7xx_HAL_Driver/Src/stm32h7xx_hal_rcc_ex.o
                0x0000000008005f00                HAL_RCCEx_GetPLL3ClockFreq
 .text.RCCEx_PLL2_Config
                0x00000000080061a8      0x164 ./Drivers/STM32H7xx_HAL_Driver/Src/stm32h7xx_hal_rcc_ex.o
 .text.RCCEx_PLL3_Config
                0x000000000800630c      0x164 ./Drivers/STM32H7xx_HAL_Driver/Src/stm32h7xx_hal_rcc_ex.o
 .text.HAL_UART_Init
                0x0000000008006470       0xa0 ./Drivers/STM32H7xx_HAL_Driver/Src/stm32h7xx_hal_uart.o
                0x0000000008006470                HAL_UART_Init
 .text.HAL_UART_Transmit
                0x0000000008006510      0x11c ./Drivers/STM32H7xx_HAL_Driver/Src/stm32h7xx_hal_uart.o
                0x0000000008006510                HAL_UART_Transmit
 .text.HAL_UART_Receive
                0x000000000800662c      0x190 ./Drivers/STM32H7xx_HAL_Driver/Src/stm32h7xx_hal_uart.o
                0x000000000800662c                HAL_UART_Receive
 .text.HAL_UART_IRQHandler
                0x00000000080067bc      0x774 ./Drivers/STM32H7xx_HAL_Driver/Src/stm32h7xx_hal_uart.o
                0x00000000080067bc                HAL_UART_IRQHandler
 .text.HAL_UART_TxCpltCallback
                0x0000000008006f30       0x14 ./Drivers/STM32H7xx_HAL_Driver/Src/stm32h7xx_hal_uart.o
                0x0000000008006f30                HAL_UART_TxCpltCallback
 .text.HAL_UART_ErrorCallback
                0x0000000008006f44       0x14 ./Drivers/STM32H7xx_HAL_Driver/Src/stm32h7xx_hal_uart.o
                0x0000000008006f44                HAL_UART_ErrorCallback
 .text.HAL_UARTEx_RxEventCallback
                0x0000000008006f58       0x18 ./Drivers/STM32H7xx_HAL_Driver/Src/stm32h7xx_hal_uart.o
                0x0000000008006f58                HAL_UARTEx_RxEventCallback
 .text.UART_SetConfig
                0x0000000008006f70      0xcd8 ./Drivers/STM32H7xx_HAL_Driver/Src/stm32h7xx_hal_uart.o
                0x0000000008006f70                UART_SetConfig
 .text.UART_AdvFeatureConfig
                0x0000000008007c48      0x144 ./Drivers/STM32H7xx_HAL_Driver/Src/stm32h7xx_hal_uart.o
                0x0000000008007c48                UART_AdvFeatureConfig
 .text.UART_CheckIdleState
                0x0000000008007d8c      0x154 ./Drivers/STM32H7xx_HAL_Driver/Src/stm32h7xx_hal_uart.o
                0x0000000008007d8c                UART_CheckIdleState
 .text.UART_WaitOnFlagUntilTimeout
                0x0000000008007ee0       0xce ./Drivers/STM32H7xx_HAL_Driver/Src/stm32h7xx_hal_uart.o
                0x0000000008007ee0                UART_WaitOnFlagUntilTimeout
 *fill*         0x0000000008007fae        0x2 
 .text.UART_EndRxTransfer
                0x0000000008007fb0       0xcc ./Drivers/STM32H7xx_HAL_Driver/Src/stm32h7xx_hal_uart.o
 .text.UART_DMAAbortOnError
                0x000000000800807c       0x2c ./Drivers/STM32H7xx_HAL_Driver/Src/stm32h7xx_hal_uart.o
 .text.UART_EndTransmit_IT
                0x00000000080080a8       0x56 ./Drivers/STM32H7xx_HAL_Driver/Src/stm32h7xx_hal_uart.o
 .text.HAL_UARTEx_WakeupCallback
                0x00000000080080fe       0x14 ./Drivers/STM32H7xx_HAL_Driver/Src/stm32h7xx_hal_uart_ex.o
                0x00000000080080fe                HAL_UARTEx_WakeupCallback
 .text.HAL_UARTEx_RxFifoFullCallback
                0x0000000008008112       0x14 ./Drivers/STM32H7xx_HAL_Driver/Src/stm32h7xx_hal_uart_ex.o
                0x0000000008008112                HAL_UARTEx_RxFifoFullCallback
 .text.HAL_UARTEx_TxFifoEmptyCallback
                0x0000000008008126       0x14 ./Drivers/STM32H7xx_HAL_Driver/Src/stm32h7xx_hal_uart_ex.o
                0x0000000008008126                HAL_UARTEx_TxFifoEmptyCallback
 .text.HAL_UARTEx_DisableFifoMode
                0x000000000800813a       0x72 ./Drivers/STM32H7xx_HAL_Driver/Src/stm32h7xx_hal_uart_ex.o
                0x000000000800813a                HAL_UARTEx_DisableFifoMode
 .text.HAL_UARTEx_SetTxFifoThreshold
                0x00000000080081ac       0x7c ./Drivers/STM32H7xx_HAL_Driver/Src/stm32h7xx_hal_uart_ex.o
                0x00000000080081ac                HAL_UARTEx_SetTxFifoThreshold
 .text.HAL_UARTEx_SetRxFifoThreshold
                0x0000000008008228       0x7c ./Drivers/STM32H7xx_HAL_Driver/Src/stm32h7xx_hal_uart_ex.o
                0x0000000008008228                HAL_UARTEx_SetRxFifoThreshold
 .text.UARTEx_SetNbDataToProcess
                0x00000000080082a4       0x9c ./Drivers/STM32H7xx_HAL_Driver/Src/stm32h7xx_hal_uart_ex.o
 .text._ZdlPvj  0x0000000008008340        0x4 /opt/st/stm32cubeide_1.13.2/plugins/com.st.stm32cube.ide.mcu.externaltools.gnu-tools-for-stm32.11.3.rel1.linux64_1.1.1.202309131626/tools/bin/../lib/gcc/arm-none-eabi/11.3.1/../../../../arm-none-eabi/lib/thumb/v7e-m+dp/hard/libstdc++_nano.a(del_ops.o)
                0x0000000008008340                operator delete(void*, unsigned int)
 .text._ZdlPv   0x0000000008008344        0x4 /opt/st/stm32cubeide_1.13.2/plugins/com.st.stm32cube.ide.mcu.externaltools.gnu-tools-for-stm32.11.3.rel1.linux64_1.1.1.202309131626/tools/bin/../lib/gcc/arm-none-eabi/11.3.1/../../../../arm-none-eabi/lib/thumb/v7e-m+dp/hard/libstdc++_nano.a(del_op.o)
                0x0000000008008344                operator delete(void*)
 .text.free     0x0000000008008348       0x10 /opt/st/stm32cubeide_1.13.2/plugins/com.st.stm32cube.ide.mcu.externaltools.gnu-tools-for-stm32.11.3.rel1.linux64_1.1.1.202309131626/tools/bin/../lib/gcc/arm-none-eabi/11.3.1/../../../../arm-none-eabi/lib/thumb/v7e-m+dp/hard/libc_nano.a(libc_a-malloc.o)
                0x0000000008008348                free
 .text.__malloc_lock
                0x0000000008008358        0xc /opt/st/stm32cubeide_1.13.2/plugins/com.st.stm32cube.ide.mcu.externaltools.gnu-tools-for-stm32.11.3.rel1.linux64_1.1.1.202309131626/tools/bin/../lib/gcc/arm-none-eabi/11.3.1/../../../../arm-none-eabi/lib/thumb/v7e-m+dp/hard/libc_nano.a(libc_a-mlock.o)
                0x0000000008008358                __malloc_lock
 .text.__malloc_unlock
                0x0000000008008364        0xc /opt/st/stm32cubeide_1.13.2/plugins/com.st.stm32cube.ide.mcu.externaltools.gnu-tools-for-stm32.11.3.rel1.linux64_1.1.1.202309131626/tools/bin/../lib/gcc/arm-none-eabi/11.3.1/../../../../arm-none-eabi/lib/thumb/v7e-m+dp/hard/libc_nano.a(libc_a-mlock.o)
                0x0000000008008364                __malloc_unlock
 .text.memset   0x0000000008008370       0x10 /opt/st/stm32cubeide_1.13.2/plugins/com.st.stm32cube.ide.mcu.externaltools.gnu-tools-for-stm32.11.3.rel1.linux64_1.1.1.202309131626/tools/bin/../lib/gcc/arm-none-eabi/11.3.1/../../../../arm-none-eabi/lib/thumb/v7e-m+dp/hard/libc_nano.a(libc_a-memset.o)
                0x0000000008008370                memset
 .text.__libc_init_array
                0x0000000008008380       0x48 /opt/st/stm32cubeide_1.13.2/plugins/com.st.stm32cube.ide.mcu.externaltools.gnu-tools-for-stm32.11.3.rel1.linux64_1.1.1.202309131626/tools/bin/../lib/gcc/arm-none-eabi/11.3.1/../../../../arm-none-eabi/lib/thumb/v7e-m+dp/hard/libc_nano.a(libc_a-init.o)
                0x0000000008008380                __libc_init_array
 .text.__retarget_lock_acquire_recursive
                0x00000000080083c8        0x2 /opt/st/stm32cubeide_1.13.2/plugins/com.st.stm32cube.ide.mcu.externaltools.gnu-tools-for-stm32.11.3.rel1.linux64_1.1.1.202309131626/tools/bin/../lib/gcc/arm-none-eabi/11.3.1/../../../../arm-none-eabi/lib/thumb/v7e-m+dp/hard/libc_nano.a(libc_a-lock.o)
                0x00000000080083c8                __retarget_lock_acquire_recursive
 .text.__retarget_lock_release_recursive
                0x00000000080083ca        0x2 /opt/st/stm32cubeide_1.13.2/plugins/com.st.stm32cube.ide.mcu.externaltools.gnu-tools-for-stm32.11.3.rel1.linux64_1.1.1.202309131626/tools/bin/../lib/gcc/arm-none-eabi/11.3.1/../../../../arm-none-eabi/lib/thumb/v7e-m+dp/hard/libc_nano.a(libc_a-lock.o)
                0x00000000080083ca                __retarget_lock_release_recursive
 .text.memcpy   0x00000000080083cc       0x1c /opt/st/stm32cubeide_1.13.2/plugins/com.st.stm32cube.ide.mcu.externaltools.gnu-tools-for-stm32.11.3.rel1.linux64_1.1.1.202309131626/tools/bin/../lib/gcc/arm-none-eabi/11.3.1/../../../../arm-none-eabi/lib/thumb/v7e-m+dp/hard/libc_nano.a(libc_a-memcpy-stub.o)
                0x00000000080083cc                memcpy
 .text._free_r  0x00000000080083e8       0x98 /opt/st/stm32cubeide_1.13.2/plugins/com.st.stm32cube.ide.mcu.externaltools.gnu-tools-for-stm32.11.3.rel1.linux64_1.1.1.202309131626/tools/bin/../lib/gcc/arm-none-eabi/11.3.1/../../../../arm-none-eabi/lib/thumb/v7e-m+dp/hard/libc_nano.a(libc_a-freer.o)
                0x00000000080083e8                _free_r
 *(.glue_7)
 .glue_7        0x0000000008008480        0x0 linker stubs
 *(.glue_7t)
 .glue_7t       0x0000000008008480        0x0 linker stubs
 *(.eh_frame)
 .eh_frame      0x0000000008008480        0x0 /opt/st/stm32cubeide_1.13.2/plugins/com.st.stm32cube.ide.mcu.externaltools.gnu-tools-for-stm32.11.3.rel1.linux64_1.1.1.202309131626/tools/bin/../lib/gcc/arm-none-eabi/11.3.1/thumb/v7e-m+dp/hard/crtbegin.o
 *(.init)
 .init          0x0000000008008480        0x4 /opt/st/stm32cubeide_1.13.2/plugins/com.st.stm32cube.ide.mcu.externaltools.gnu-tools-for-stm32.11.3.rel1.linux64_1.1.1.202309131626/tools/bin/../lib/gcc/arm-none-eabi/11.3.1/thumb/v7e-m+dp/hard/crti.o
                0x0000000008008480                _init
 .init          0x0000000008008484        0x8 /opt/st/stm32cubeide_1.13.2/plugins/com.st.stm32cube.ide.mcu.externaltools.gnu-tools-for-stm32.11.3.rel1.linux64_1.1.1.202309131626/tools/bin/../lib/gcc/arm-none-eabi/11.3.1/thumb/v7e-m+dp/hard/crtn.o
 *(.fini)
 .fini          0x000000000800848c        0x4 /opt/st/stm32cubeide_1.13.2/plugins/com.st.stm32cube.ide.mcu.externaltools.gnu-tools-for-stm32.11.3.rel1.linux64_1.1.1.202309131626/tools/bin/../lib/gcc/arm-none-eabi/11.3.1/thumb/v7e-m+dp/hard/crti.o
                0x000000000800848c                _fini
 .fini          0x0000000008008490        0x8 /opt/st/stm32cubeide_1.13.2/plugins/com.st.stm32cube.ide.mcu.externaltools.gnu-tools-for-stm32.11.3.rel1.linux64_1.1.1.202309131626/tools/bin/../lib/gcc/arm-none-eabi/11.3.1/thumb/v7e-m+dp/hard/crtn.o
                0x0000000008008498                . = ALIGN (0x4)
                0x0000000008008498                _etext = .

.vfp11_veneer   0x0000000008008498        0x0
 .vfp11_veneer  0x0000000008008498        0x0 linker stubs

.v4_bx          0x0000000008008498        0x0
 .v4_bx         0x0000000008008498        0x0 linker stubs

.iplt           0x0000000008008498        0x0
 .iplt          0x0000000008008498        0x0 /opt/st/stm32cubeide_1.13.2/plugins/com.st.stm32cube.ide.mcu.externaltools.gnu-tools-for-stm32.11.3.rel1.linux64_1.1.1.202309131626/tools/bin/../lib/gcc/arm-none-eabi/11.3.1/thumb/v7e-m+dp/hard/crtbegin.o

.rodata         0x0000000008008498      0x1b8
                0x0000000008008498                . = ALIGN (0x4)
 *(.rodata)
 *(.rodata*)
 .rodata._ZTVN13EmbeddedProto21MessageSizeCalculatorE
                0x0000000008008498       0x28 ./Core/Inc/Fields.o
                0x0000000008008498                vtable for EmbeddedProto::MessageSizeCalculator
 .rodata._ZTVN13EmbeddedProto20WriteBufferInterfaceE
                0x00000000080084c0       0x28 ./Core/Inc/Fields.o
                0x00000000080084c0                vtable for EmbeddedProto::WriteBufferInterface
 .rodata._ZTVN13EmbeddedProto16MessageInterfaceE
                0x00000000080084e8       0x24 ./Core/Inc/MessageInterface.o
                0x00000000080084e8                vtable for EmbeddedProto::MessageInterface
 .rodata._ZTVN13EmbeddedProto19ReadBufferInterfaceE
                0x000000000800850c       0x28 ./Core/Inc/MessageInterface.o
                0x000000000800850c                vtable for EmbeddedProto::ReadBufferInterface
 .rodata._ZTVN13EmbeddedProto17ReadBufferSectionE
                0x0000000008008534       0x28 ./Core/Inc/ReadBufferSection.o
                0x0000000008008534                vtable for EmbeddedProto::ReadBufferSection
 .rodata._ZTV14UartReadBuffer
                0x000000000800855c       0x28 ./Core/Src/UartReadBuffer.o
                0x000000000800855c                vtable for UartReadBuffer
 .rodata._ZTV15UartWriteBuffer
                0x0000000008008584       0x28 ./Core/Src/UartWriteBuffer.o
                0x0000000008008584                vtable for UartWriteBuffer
 .rodata._ZTV5Reply
                0x00000000080085ac       0x24 ./Core/Src/main.o
                0x00000000080085ac                vtable for Reply
 .rodata._ZTV7Command
                0x00000000080085d0       0x24 ./Core/Src/main.o
                0x00000000080085d0                vtable for Command
 .rodata._ZTVN13EmbeddedProto5FieldE
                0x00000000080085f4       0x24 ./Core/Src/main.o
                0x00000000080085f4                vtable for EmbeddedProto::Field
 .rodata.D1CorePrescTable
                0x0000000008008618       0x10 ./Core/Src/system_stm32h7xx.o
                0x0000000008008618                D1CorePrescTable
 .rodata.UARTPrescTable
                0x0000000008008628       0x18 ./Drivers/STM32H7xx_HAL_Driver/Src/stm32h7xx_hal_uart.o
                0x0000000008008628                UARTPrescTable
 .rodata.numerator.1
                0x0000000008008640        0x8 ./Drivers/STM32H7xx_HAL_Driver/Src/stm32h7xx_hal_uart_ex.o
 .rodata.denominator.0
                0x0000000008008648        0x8 ./Drivers/STM32H7xx_HAL_Driver/Src/stm32h7xx_hal_uart_ex.o
                0x0000000008008650                . = ALIGN (0x4)

.ARM.extab
 *(.ARM.extab* .gnu.linkonce.armextab.*)

.ARM            0x0000000008008650        0x8
                0x0000000008008650                __exidx_start = .
 *(.ARM.exidx*)
 .ARM.exidx     0x0000000008008650        0x8 /opt/st/stm32cubeide_1.13.2/plugins/com.st.stm32cube.ide.mcu.externaltools.gnu-tools-for-stm32.11.3.rel1.linux64_1.1.1.202309131626/tools/bin/../lib/gcc/arm-none-eabi/11.3.1/thumb/v7e-m+dp/hard/libgcc.a(_udivmoddi4.o)
                0x0000000008008658                __exidx_end = .

.rel.dyn        0x0000000008008658        0x0
 .rel.iplt      0x0000000008008658        0x0 /opt/st/stm32cubeide_1.13.2/plugins/com.st.stm32cube.ide.mcu.externaltools.gnu-tools-for-stm32.11.3.rel1.linux64_1.1.1.202309131626/tools/bin/../lib/gcc/arm-none-eabi/11.3.1/thumb/v7e-m+dp/hard/crtbegin.o

.preinit_array  0x0000000008008658        0x0
                0x0000000008008658                PROVIDE (__preinit_array_start = .)
 *(.preinit_array*)
                0x0000000008008658                PROVIDE (__preinit_array_end = .)

.init_array     0x0000000008008658        0x8
                0x0000000008008658                PROVIDE (__init_array_start = .)
 *(SORT_BY_NAME(.init_array.*))
 *(.init_array*)
 .init_array    0x0000000008008658        0x4 /opt/st/stm32cubeide_1.13.2/plugins/com.st.stm32cube.ide.mcu.externaltools.gnu-tools-for-stm32.11.3.rel1.linux64_1.1.1.202309131626/tools/bin/../lib/gcc/arm-none-eabi/11.3.1/thumb/v7e-m+dp/hard/crtbegin.o
 .init_array    0x000000000800865c        0x4 ./Core/Src/main.o
                0x0000000008008660                PROVIDE (__init_array_end = .)

.fini_array     0x0000000008008660        0x8
                [!provide]                        PROVIDE (__fini_array_start = .)
 *(SORT_BY_NAME(.fini_array.*))
 *(.fini_array*)
 .fini_array    0x0000000008008660        0x4 /opt/st/stm32cubeide_1.13.2/plugins/com.st.stm32cube.ide.mcu.externaltools.gnu-tools-for-stm32.11.3.rel1.linux64_1.1.1.202309131626/tools/bin/../lib/gcc/arm-none-eabi/11.3.1/thumb/v7e-m+dp/hard/crtbegin.o
 .fini_array    0x0000000008008664        0x4 ./Core/Src/main.o
                [!provide]                        PROVIDE (__fini_array_end = .)
                0x0000000008008668                _sidata = LOADADDR (.data)

.data           0x0000000024000000       0x60 load address 0x0000000008008668
                0x0000000024000000                . = ALIGN (0x4)
                0x0000000024000000                _sdata = .
 *(.data)
 *(.data*)
 .data.SystemCoreClock
                0x0000000024000000        0x4 ./Core/Src/system_stm32h7xx.o
                0x0000000024000000                SystemCoreClock
 .data.SystemD2Clock
                0x0000000024000004        0x4 ./Core/Src/system_stm32h7xx.o
                0x0000000024000004                SystemD2Clock
 .data.uwTickPrio
                0x0000000024000008        0x4 ./Drivers/STM32H7xx_HAL_Driver/Src/stm32h7xx_hal.o
                0x0000000024000008                uwTickPrio
 .data.uwTickFreq
                0x000000002400000c        0x1 ./Drivers/STM32H7xx_HAL_Driver/Src/stm32h7xx_hal.o
                0x000000002400000c                uwTickFreq
 *fill*         0x000000002400000d        0x3 
 .data._impure_data
                0x0000000024000010       0x4c /opt/st/stm32cubeide_1.13.2/plugins/com.st.stm32cube.ide.mcu.externaltools.gnu-tools-for-stm32.11.3.rel1.linux64_1.1.1.202309131626/tools/bin/../lib/gcc/arm-none-eabi/11.3.1/../../../../arm-none-eabi/lib/thumb/v7e-m+dp/hard/libc_nano.a(libc_a-impure.o)
                0x0000000024000010                _impure_data
 .data._impure_ptr
                0x000000002400005c        0x4 /opt/st/stm32cubeide_1.13.2/plugins/com.st.stm32cube.ide.mcu.externaltools.gnu-tools-for-stm32.11.3.rel1.linux64_1.1.1.202309131626/tools/bin/../lib/gcc/arm-none-eabi/11.3.1/../../../../arm-none-eabi/lib/thumb/v7e-m+dp/hard/libc_nano.a(libc_a-impure.o)
                0x000000002400005c                _impure_ptr
 *(.RamFunc)
 *(.RamFunc*)
                0x0000000024000060                . = ALIGN (0x4)
                0x0000000024000060                _edata = .

.igot.plt       0x0000000024000060        0x0 load address 0x00000000080086c8
 .igot.plt      0x0000000024000060        0x0 /opt/st/stm32cubeide_1.13.2/plugins/com.st.stm32cube.ide.mcu.externaltools.gnu-tools-for-stm32.11.3.rel1.linux64_1.1.1.202309131626/tools/bin/../lib/gcc/arm-none-eabi/11.3.1/thumb/v7e-m+dp/hard/crtbegin.o
                0x0000000024000060                . = ALIGN (0x4)

.bss            0x0000000024000060      0x288 load address 0x00000000080086c8
                0x0000000024000060                _sbss = .
                0x0000000024000060                __bss_start__ = _sbss
 *(.bss)
 .bss           0x0000000024000060       0x1c /opt/st/stm32cubeide_1.13.2/plugins/com.st.stm32cube.ide.mcu.externaltools.gnu-tools-for-stm32.11.3.rel1.linux64_1.1.1.202309131626/tools/bin/../lib/gcc/arm-none-eabi/11.3.1/thumb/v7e-m+dp/hard/crtbegin.o
 *(.bss*)
 .bss.huart3    0x000000002400007c       0x94 ./Core/Src/main.o
                0x000000002400007c                huart3
 .bss.read_buffer
                0x0000000024000110       0x40 ./Core/Src/main.o
                0x0000000024000110                read_buffer
 .bss.write_buffer
                0x0000000024000150       0x3c ./Core/Src/main.o
                0x0000000024000150                write_buffer
 .bss.receive_status
                0x000000002400018c        0x1 ./Core/Src/main.o
                0x000000002400018c                receive_status
 *fill*         0x000000002400018d        0x3 
 .bss.received_command
                0x0000000024000190        0xc ./Core/Src/main.o
                0x0000000024000190                received_command
 .bss.outgoing_reply
                0x000000002400019c        0x8 ./Core/Src/main.o
                0x000000002400019c                outgoing_reply
 .bss.uwTick    0x00000000240001a4        0x4 ./Drivers/STM32H7xx_HAL_Driver/Src/stm32h7xx_hal.o
                0x00000000240001a4                uwTick
 .bss.__malloc_free_list
                0x00000000240001a8        0x4 /opt/st/stm32cubeide_1.13.2/plugins/com.st.stm32cube.ide.mcu.externaltools.gnu-tools-for-stm32.11.3.rel1.linux64_1.1.1.202309131626/tools/bin/../lib/gcc/arm-none-eabi/11.3.1/../../../../arm-none-eabi/lib/thumb/v7e-m+dp/hard/libc_nano.a(libc_a-mallocr.o)
                0x00000000240001a8                __malloc_free_list
 .bss.__sf      0x00000000240001ac      0x138 /opt/st/stm32cubeide_1.13.2/plugins/com.st.stm32cube.ide.mcu.externaltools.gnu-tools-for-stm32.11.3.rel1.linux64_1.1.1.202309131626/tools/bin/../lib/gcc/arm-none-eabi/11.3.1/../../../../arm-none-eabi/lib/thumb/v7e-m+dp/hard/libc_nano.a(libc_a-findfp.o)
                0x00000000240001ac                __sf
 .bss.__lock___malloc_recursive_mutex
                0x00000000240002e4        0x1 /opt/st/stm32cubeide_1.13.2/plugins/com.st.stm32cube.ide.mcu.externaltools.gnu-tools-for-stm32.11.3.rel1.linux64_1.1.1.202309131626/tools/bin/../lib/gcc/arm-none-eabi/11.3.1/../../../../arm-none-eabi/lib/thumb/v7e-m+dp/hard/libc_nano.a(libc_a-lock.o)
                0x00000000240002e4                __lock___malloc_recursive_mutex
 *(COMMON)
                0x00000000240002e8                . = ALIGN (0x4)
 *fill*         0x00000000240002e5        0x3 
                0x00000000240002e8                _ebss = .
                0x00000000240002e8                __bss_end__ = _ebss

._user_heap_stack
                0x00000000240002e8      0x600 load address 0x00000000080086c8
                0x00000000240002e8                . = ALIGN (0x8)
                [!provide]                        PROVIDE (end = .)
                0x00000000240002e8                PROVIDE (_end = .)
                0x00000000240004e8                . = (. + _Min_Heap_Size)
 *fill*         0x00000000240002e8      0x200 
                0x00000000240008e8                . = (. + _Min_Stack_Size)
 *fill*         0x00000000240004e8      0x400 
                0x00000000240008e8                . = ALIGN (0x8)

/DISCARD/
 libc.a(*)
 libm.a(*)
 libgcc.a(*)

.ARM.attributes
                0x0000000000000000       0x2e
 *(.ARM.attributes)
 .ARM.attributes
                0x0000000000000000       0x1e /opt/st/stm32cubeide_1.13.2/plugins/com.st.stm32cube.ide.mcu.externaltools.gnu-tools-for-stm32.11.3.rel1.linux64_1.1.1.202309131626/tools/bin/../lib/gcc/arm-none-eabi/11.3.1/thumb/v7e-m+dp/hard/crti.o
 .ARM.attributes
                0x000000000000001e       0x32 /opt/st/stm32cubeide_1.13.2/plugins/com.st.stm32cube.ide.mcu.externaltools.gnu-tools-for-stm32.11.3.rel1.linux64_1.1.1.202309131626/tools/bin/../lib/gcc/arm-none-eabi/11.3.1/thumb/v7e-m+dp/hard/crtbegin.o
 .ARM.attributes
                0x0000000000000050       0x32 ./Core/Inc/Fields.o
 .ARM.attributes
                0x0000000000000082       0x32 ./Core/Inc/MessageInterface.o
 .ARM.attributes
                0x00000000000000b4       0x32 ./Core/Inc/ReadBufferSection.o
 .ARM.attributes
                0x00000000000000e6       0x32 ./Core/Src/UartReadBuffer.o
 .ARM.attributes
                0x0000000000000118       0x32 ./Core/Src/UartWriteBuffer.o
 .ARM.attributes
                0x000000000000014a       0x32 ./Core/Src/main.o
 .ARM.attributes
                0x000000000000017c       0x32 ./Core/Src/stm32h7xx_hal_msp.o
 .ARM.attributes
                0x00000000000001ae       0x32 ./Core/Src/stm32h7xx_it.o
 .ARM.attributes
                0x00000000000001e0       0x32 ./Core/Src/system_stm32h7xx.o
 .ARM.attributes
                0x0000000000000212       0x21 ./Core/Startup/startup_stm32h7a3zitxq.o
 .ARM.attributes
                0x0000000000000233       0x32 ./Drivers/STM32H7xx_HAL_Driver/Src/stm32h7xx_hal.o
 .ARM.attributes
                0x0000000000000265       0x32 ./Drivers/STM32H7xx_HAL_Driver/Src/stm32h7xx_hal_cortex.o
 .ARM.attributes
                0x0000000000000297       0x32 ./Drivers/STM32H7xx_HAL_Driver/Src/stm32h7xx_hal_dma.o
 .ARM.attributes
                0x00000000000002c9       0x32 ./Drivers/STM32H7xx_HAL_Driver/Src/stm32h7xx_hal_gpio.o
 .ARM.attributes
                0x00000000000002fb       0x32 ./Drivers/STM32H7xx_HAL_Driver/Src/stm32h7xx_hal_pwr_ex.o
 .ARM.attributes
                0x000000000000032d       0x32 ./Drivers/STM32H7xx_HAL_Driver/Src/stm32h7xx_hal_rcc.o
 .ARM.attributes
                0x000000000000035f       0x32 ./Drivers/STM32H7xx_HAL_Driver/Src/stm32h7xx_hal_rcc_ex.o
 .ARM.attributes
                0x0000000000000391       0x32 ./Drivers/STM32H7xx_HAL_Driver/Src/stm32h7xx_hal_uart.o
 .ARM.attributes
                0x00000000000003c3       0x32 ./Drivers/STM32H7xx_HAL_Driver/Src/stm32h7xx_hal_uart_ex.o
 .ARM.attributes
                0x00000000000003f5       0x32 /opt/st/stm32cubeide_1.13.2/plugins/com.st.stm32cube.ide.mcu.externaltools.gnu-tools-for-stm32.11.3.rel1.linux64_1.1.1.202309131626/tools/bin/../lib/gcc/arm-none-eabi/11.3.1/../../../../arm-none-eabi/lib/thumb/v7e-m+dp/hard/libstdc++_nano.a(del_ops.o)
 .ARM.attributes
                0x0000000000000427       0x32 /opt/st/stm32cubeide_1.13.2/plugins/com.st.stm32cube.ide.mcu.externaltools.gnu-tools-for-stm32.11.3.rel1.linux64_1.1.1.202309131626/tools/bin/../lib/gcc/arm-none-eabi/11.3.1/../../../../arm-none-eabi/lib/thumb/v7e-m+dp/hard/libstdc++_nano.a(del_op.o)
 .ARM.attributes
                0x0000000000000459       0x32 /opt/st/stm32cubeide_1.13.2/plugins/com.st.stm32cube.ide.mcu.externaltools.gnu-tools-for-stm32.11.3.rel1.linux64_1.1.1.202309131626/tools/bin/../lib/gcc/arm-none-eabi/11.3.1/../../../../arm-none-eabi/lib/thumb/v7e-m+dp/hard/libc_nano.a(libc_a-malloc.o)
 .ARM.attributes
                0x000000000000048b       0x32 /opt/st/stm32cubeide_1.13.2/plugins/com.st.stm32cube.ide.mcu.externaltools.gnu-tools-for-stm32.11.3.rel1.linux64_1.1.1.202309131626/tools/bin/../lib/gcc/arm-none-eabi/11.3.1/../../../../arm-none-eabi/lib/thumb/v7e-m+dp/hard/libc_nano.a(libc_a-mallocr.o)
 .ARM.attributes
                0x00000000000004bd       0x32 /opt/st/stm32cubeide_1.13.2/plugins/com.st.stm32cube.ide.mcu.externaltools.gnu-tools-for-stm32.11.3.rel1.linux64_1.1.1.202309131626/tools/bin/../lib/gcc/arm-none-eabi/11.3.1/../../../../arm-none-eabi/lib/thumb/v7e-m+dp/hard/libc_nano.a(libc_a-mlock.o)
 .ARM.attributes
                0x00000000000004ef       0x32 /opt/st/stm32cubeide_1.13.2/plugins/com.st.stm32cube.ide.mcu.externaltools.gnu-tools-for-stm32.11.3.rel1.linux64_1.1.1.202309131626/tools/bin/../lib/gcc/arm-none-eabi/11.3.1/../../../../arm-none-eabi/lib/thumb/v7e-m+dp/hard/libc_nano.a(libc_a-findfp.o)
 .ARM.attributes
                0x0000000000000521       0x32 /opt/st/stm32cubeide_1.13.2/plugins/com.st.stm32cube.ide.mcu.externaltools.gnu-tools-for-stm32.11.3.rel1.linux64_1.1.1.202309131626/tools/bin/../lib/gcc/arm-none-eabi/11.3.1/../../../../arm-none-eabi/lib/thumb/v7e-m+dp/hard/libc_nano.a(libc_a-memset.o)
 .ARM.attributes
                0x0000000000000553       0x32 /opt/st/stm32cubeide_1.13.2/plugins/com.st.stm32cube.ide.mcu.externaltools.gnu-tools-for-stm32.11.3.rel1.linux64_1.1.1.202309131626/tools/bin/../lib/gcc/arm-none-eabi/11.3.1/../../../../arm-none-eabi/lib/thumb/v7e-m+dp/hard/libc_nano.a(libc_a-impure.o)
 .ARM.attributes
                0x0000000000000585       0x32 /opt/st/stm32cubeide_1.13.2/plugins/com.st.stm32cube.ide.mcu.externaltools.gnu-tools-for-stm32.11.3.rel1.linux64_1.1.1.202309131626/tools/bin/../lib/gcc/arm-none-eabi/11.3.1/../../../../arm-none-eabi/lib/thumb/v7e-m+dp/hard/libc_nano.a(libc_a-init.o)
 .ARM.attributes
                0x00000000000005b7       0x32 /opt/st/stm32cubeide_1.13.2/plugins/com.st.stm32cube.ide.mcu.externaltools.gnu-tools-for-stm32.11.3.rel1.linux64_1.1.1.202309131626/tools/bin/../lib/gcc/arm-none-eabi/11.3.1/../../../../arm-none-eabi/lib/thumb/v7e-m+dp/hard/libc_nano.a(libc_a-lock.o)
 .ARM.attributes
                0x00000000000005e9       0x32 /opt/st/stm32cubeide_1.13.2/plugins/com.st.stm32cube.ide.mcu.externaltools.gnu-tools-for-stm32.11.3.rel1.linux64_1.1.1.202309131626/tools/bin/../lib/gcc/arm-none-eabi/11.3.1/../../../../arm-none-eabi/lib/thumb/v7e-m+dp/hard/libc_nano.a(libc_a-memcpy-stub.o)
 .ARM.attributes
                0x000000000000061b       0x32 /opt/st/stm32cubeide_1.13.2/plugins/com.st.stm32cube.ide.mcu.externaltools.gnu-tools-for-stm32.11.3.rel1.linux64_1.1.1.202309131626/tools/bin/../lib/gcc/arm-none-eabi/11.3.1/../../../../arm-none-eabi/lib/thumb/v7e-m+dp/hard/libc_nano.a(libc_a-freer.o)
 .ARM.attributes
                0x000000000000064d       0x1e /opt/st/stm32cubeide_1.13.2/plugins/com.st.stm32cube.ide.mcu.externaltools.gnu-tools-for-stm32.11.3.rel1.linux64_1.1.1.202309131626/tools/bin/../lib/gcc/arm-none-eabi/11.3.1/thumb/v7e-m+dp/hard/libgcc.a(_aeabi_uldivmod.o)
 .ARM.attributes
                0x000000000000066b       0x32 /opt/st/stm32cubeide_1.13.2/plugins/com.st.stm32cube.ide.mcu.externaltools.gnu-tools-for-stm32.11.3.rel1.linux64_1.1.1.202309131626/tools/bin/../lib/gcc/arm-none-eabi/11.3.1/thumb/v7e-m+dp/hard/libgcc.a(_udivmoddi4.o)
 .ARM.attributes
                0x000000000000069d       0x1e /opt/st/stm32cubeide_1.13.2/plugins/com.st.stm32cube.ide.mcu.externaltools.gnu-tools-for-stm32.11.3.rel1.linux64_1.1.1.202309131626/tools/bin/../lib/gcc/arm-none-eabi/11.3.1/thumb/v7e-m+dp/hard/libgcc.a(_dvmd_tls.o)
 .ARM.attributes
                0x00000000000006bb       0x1e /opt/st/stm32cubeide_1.13.2/plugins/com.st.stm32cube.ide.mcu.externaltools.gnu-tools-for-stm32.11.3.rel1.linux64_1.1.1.202309131626/tools/bin/../lib/gcc/arm-none-eabi/11.3.1/thumb/v7e-m+dp/hard/crtn.o
OUTPUT(nucleo-h7a3zi-q.elf elf32-littlearm)
LOAD linker stubs
LOAD /opt/st/stm32cubeide_1.13.2/plugins/com.st.stm32cube.ide.mcu.externaltools.gnu-tools-for-stm32.11.3.rel1.linux64_1.1.1.202309131626/tools/bin/../lib/gcc/arm-none-eabi/11.3.1/../../../../arm-none-eabi/lib/thumb/v7e-m+dp/hard/libc.a
LOAD /opt/st/stm32cubeide_1.13.2/plugins/com.st.stm32cube.ide.mcu.externaltools.gnu-tools-for-stm32.11.3.rel1.linux64_1.1.1.202309131626/tools/bin/../lib/gcc/arm-none-eabi/11.3.1/../../../../arm-none-eabi/lib/thumb/v7e-m+dp/hard/libm.a
LOAD /opt/st/stm32cubeide_1.13.2/plugins/com.st.stm32cube.ide.mcu.externaltools.gnu-tools-for-stm32.11.3.rel1.linux64_1.1.1.202309131626/tools/bin/../lib/gcc/arm-none-eabi/11.3.1/thumb/v7e-m+dp/hard/libgcc.a

.comment        0x0000000000000000       0x43
 .comment       0x0000000000000000       0x43 /opt/st/stm32cubeide_1.13.2/plugins/com.st.stm32cube.ide.mcu.externaltools.gnu-tools-for-stm32.11.3.rel1.linux64_1.1.1.202309131626/tools/bin/../lib/gcc/arm-none-eabi/11.3.1/thumb/v7e-m+dp/hard/crtbegin.o
                                         0x44 (size before relaxing)
 .comment       0x0000000000000043       0x44 ./Core/Inc/Fields.o
 .comment       0x0000000000000043       0x44 ./Core/Inc/MessageInterface.o
 .comment       0x0000000000000043       0x44 ./Core/Inc/ReadBufferSection.o
 .comment       0x0000000000000043       0x44 ./Core/Src/UartReadBuffer.o
 .comment       0x0000000000000043       0x44 ./Core/Src/UartWriteBuffer.o
 .comment       0x0000000000000043       0x44 ./Core/Src/main.o
 .comment       0x0000000000000043       0x44 ./Core/Src/stm32h7xx_hal_msp.o
 .comment       0x0000000000000043       0x44 ./Core/Src/stm32h7xx_it.o
 .comment       0x0000000000000043       0x44 ./Core/Src/system_stm32h7xx.o
 .comment       0x0000000000000043       0x44 ./Drivers/STM32H7xx_HAL_Driver/Src/stm32h7xx_hal.o
 .comment       0x0000000000000043       0x44 ./Drivers/STM32H7xx_HAL_Driver/Src/stm32h7xx_hal_cortex.o
 .comment       0x0000000000000043       0x44 ./Drivers/STM32H7xx_HAL_Driver/Src/stm32h7xx_hal_dma.o
 .comment       0x0000000000000043       0x44 ./Drivers/STM32H7xx_HAL_Driver/Src/stm32h7xx_hal_gpio.o
 .comment       0x0000000000000043       0x44 ./Drivers/STM32H7xx_HAL_Driver/Src/stm32h7xx_hal_pwr_ex.o