../Core/Inc/WireFormatter.h:130:33:static constexpr uint32_t EmbeddedProto::WireFormatter::MakeTag(uint32_t, EmbeddedProto::WireFormatter::WireType)	16	static
../Core/Inc/WireFormatter.h:336:20:static EmbeddedProto::Error EmbeddedProto::WireFormatter::DeserializeTag(EmbeddedProto::ReadBufferInterface&, EmbeddedProto::WireFormatter::WireType&, uint32_t&)	32	static
../Core/Inc/WireFormatter.h:484:20:static EmbeddedProto::Error EmbeddedProto::WireFormatter::DeserializeBool(EmbeddedProto::ReadBufferInterface&, bool&)	24	static
../Core/Inc/Fields.h:71:7:constexpr EmbeddedProto::Field::Field()	16	static
../Core/Inc/Fields.h:72:15:EmbeddedProto::Field::~Field()	16	static
../Core/Inc/Fields.h:72:15:virtual EmbeddedProto::Field::~Field()	16	static
../Core/Inc/MessageInterface.h:48:5:constexpr EmbeddedProto::MessageInterface::MessageInterface()	16	static
../Core/Inc/MessageInterface.h:50:5:EmbeddedProto::MessageInterface::~MessageInterface()	16	static
../Core/Inc/MessageInterface.h:50:5:virtual EmbeddedProto::MessageInterface::~MessageInterface()	16	static
../Core/Inc/uart_messages.h:97:17:void Command::clear_button()	16	static
../Core/Inc/uart_messages.h:100:27:const Command::Buttons& Command::get_button() const	16	static
../Core/Inc/uart_messages.h:104:17:void Command::clear_value()	16	static
../Core/Inc/uart_messages.h:112:28:virtual EmbeddedProto::Error Command::serialize(EmbeddedProto::WriteBufferInterface&) const	24	static
../Core/Inc/uart_messages.h:129:28:virtual EmbeddedProto::Error Command::deserialize(EmbeddedProto::ReadBufferInterface&)	40	static
../Core/Inc/uart_messages.h:177:10:virtual void Command::clear()	16	static
../Core/Inc/uart_messages.h:245:17:void Reply::clear_LED_state()	16	static
../Core/Inc/uart_messages.h:247:17:void Reply::set_LED_state(const bool&&)	16	static
../Core/Inc/uart_messages.h:253:28:virtual EmbeddedProto::Error Reply::serialize(EmbeddedProto::WriteBufferInterface&) const	24	static
../Core/Inc/uart_messages.h:265:28:virtual EmbeddedProto::Error Reply::deserialize(EmbeddedProto::ReadBufferInterface&)	40	static
../Core/Inc/uart_messages.h:309:10:virtual void Reply::clear()	16	static
../Core/Inc/WriteBufferInterface.h:50:7:constexpr EmbeddedProto::WriteBufferInterface::WriteBufferInterface()	16	static
../Core/Inc/WriteBufferInterface.h:51:15:EmbeddedProto::WriteBufferInterface::~WriteBufferInterface()	16	static
../Core/Inc/WriteBufferInterface.h:51:15:virtual EmbeddedProto::WriteBufferInterface::~WriteBufferInterface()	16	static
../Core/Inc/UartWriteBuffer.h:43:5:UartWriteBuffer::UartWriteBuffer()	16	static
../Core/Inc/uart_messages.h:52:5:constexpr Command::Command()	24	static
../Core/Inc/uart_messages.h:213:5:constexpr Reply::Reply()	24	static
../Core/Src/main.cpp:77:5:int main()	32	static
../Core/Src/main.cpp:159:6:void SystemClock_Config()	120	static
../Core/Src/main.cpp:222:13:void MX_USART3_UART_Init()	8	static
../Core/Src/main.cpp:270:13:void MX_USB_OTG_HS_USB_Init()	4	static
../Core/Src/main.cpp:291:13:void MX_GPIO_Init()	64	static
../Core/Src/main.cpp:381:6:void process_command(const Command&, Reply&)	24	static
../Core/Src/main.cpp:425:6:void Error_Handler()	4	static,ignoring_inline_asm
../Core/Inc/WireFormatter.h:523:20:static EmbeddedProto::Error EmbeddedProto::WireFormatter::SerializeVarint(UINT_TYPE, EmbeddedProto::WriteBufferInterface&) [with UINT_TYPE = long unsigned int]	24	static
../Core/Inc/WireFormatter.h:548:20:static EmbeddedProto::Error EmbeddedProto::WireFormatter::DeserializeVarint(EmbeddedProto::ReadBufferInterface&, UINT_TYPE&) [with UINT_TYPE = long unsigned int]	48	static
../Core/Inc/Fields.h:113:7:EmbeddedProto::FieldTemplate<FIELDTYPE, VARIABLE_TYPE, WIRETYPE>::FieldTemplate(const VARIABLE_TYPE&&) [with EmbeddedProto::Field::FieldTypes FIELDTYPE = EmbeddedProto::Field::FieldTypes::enumeration; VARIABLE_TYPE = Command::Buttons; EmbeddedProto::WireFormatter::WireType WIRETYPE = EmbeddedProto::WireFormatter::WireType::VARINT]	16	static
../Core/Inc/Fields.h:113:7:EmbeddedProto::FieldTemplate<FIELDTYPE, VARIABLE_TYPE, WIRETYPE>::FieldTemplate(const VARIABLE_TYPE&&) [with EmbeddedProto::Field::FieldTypes FIELDTYPE = EmbeddedProto::Field::FieldTypes::uint32; VARIABLE_TYPE = long unsigned int; EmbeddedProto::WireFormatter::WireType WIRETYPE = EmbeddedProto::WireFormatter::WireType::VARINT]	16	static
../Core/Inc/Fields.h:207:12:void EmbeddedProto::FieldTemplate<FIELDTYPE, VARIABLE_TYPE, WIRETYPE>::clear() [with EmbeddedProto::Field::FieldTypes FIELDTYPE = EmbeddedProto::Field::FieldTypes::enumeration; VARIABLE_TYPE = Command::Buttons; EmbeddedProto::WireFormatter::WireType WIRETYPE = EmbeddedProto::WireFormatter::WireType::VARINT]	16	static
../Core/Inc/Fields.h:177:28:const VARIABLE_TYPE& EmbeddedProto::FieldTemplate<FIELDTYPE, VARIABLE_TYPE, WIRETYPE>::get() const [with EmbeddedProto::Field::FieldTypes FIELDTYPE = EmbeddedProto::Field::FieldTypes::enumeration; VARIABLE_TYPE = Command::Buttons; EmbeddedProto::WireFormatter::WireType WIRETYPE = EmbeddedProto::WireFormatter::WireType::VARINT]	16	static
../Core/Inc/Fields.h:207:12:void EmbeddedProto::FieldTemplate<FIELDTYPE, VARIABLE_TYPE, WIRETYPE>::clear() [with EmbeddedProto::Field::FieldTypes FIELDTYPE = EmbeddedProto::Field::FieldTypes::uint32; VARIABLE_TYPE = long unsigned int; EmbeddedProto::WireFormatter::WireType WIRETYPE = EmbeddedProto::WireFormatter::WireType::VARINT]	16	static
../Core/Inc/Fields.h:178:22:VARIABLE_TYPE& EmbeddedProto::FieldTemplate<FIELDTYPE, VARIABLE_TYPE, WIRETYPE>::get() [with EmbeddedProto::Field::FieldTypes FIELDTYPE = EmbeddedProto::Field::FieldTypes::uint32; VARIABLE_TYPE = long unsigned int; EmbeddedProto::WireFormatter::WireType WIRETYPE = EmbeddedProto::WireFormatter::WireType::VARINT]	16	static
../Core/Inc/Fields.h:177:28:const VARIABLE_TYPE& EmbeddedProto::FieldTemplate<FIELDTYPE, VARIABLE_TYPE, WIRETYPE>::get() const [with EmbeddedProto::Field::FieldTypes FIELDTYPE = EmbeddedProto::Field::FieldTypes::uint32; VARIABLE_TYPE = long unsigned int; EmbeddedProto::WireFormatter::WireType WIRETYPE = EmbeddedProto::WireFormatter::WireType::VARINT]	16	static
../Core/Inc/Fields.h:118:13:EmbeddedProto::Error EmbeddedProto::FieldTemplate<FIELDTYPE, VARIABLE_TYPE, WIRETYPE>::serialize_with_id(uint32_t, EmbeddedProto::WriteBufferInterface&, bool) const [with EmbeddedProto::Field::FieldTypes FIELDTYPE = EmbeddedProto::Field::FieldTypes::enumeration; VARIABLE_TYPE = Command::Buttons; EmbeddedProto::WireFormatter::WireType WIRETYPE = EmbeddedProto::WireFormatter::WireType::VARINT]	32	static
../Core/Inc/Fields.h:118:13:EmbeddedProto::Error EmbeddedProto::FieldTemplate<FIELDTYPE, VARIABLE_TYPE, WIRETYPE>::serialize_with_id(uint32_t, EmbeddedProto::WriteBufferInterface&, bool) const [with EmbeddedProto::Field::FieldTypes FIELDTYPE = EmbeddedProto::Field::FieldTypes::uint32; VARIABLE_TYPE = long unsigned int; EmbeddedProto::WireFormatter::WireType WIRETYPE = EmbeddedProto::WireFormatter::WireType::VARINT]	32	static
../Core/Inc/Fields.h:139:13:EmbeddedProto::Error EmbeddedProto::FieldTemplate<FIELDTYPE, VARIABLE_TYPE, WIRETYPE>::deserialize_check_type(EmbeddedProto::ReadBufferInterface&, const EmbeddedProto::WireFormatter::WireType&) [with EmbeddedProto::Field::FieldTypes FIELDTYPE = EmbeddedProto::Field::FieldTypes::enumeration; VARIABLE_TYPE = Command::Buttons; EmbeddedProto::WireFormatter::WireType WIRETYPE = EmbeddedProto::WireFormatter::WireType::VARINT]	32	static
../Core/Inc/Fields.h:139:13:EmbeddedProto::Error EmbeddedProto::FieldTemplate<FIELDTYPE, VARIABLE_TYPE, WIRETYPE>::deserialize_check_type(EmbeddedProto::ReadBufferInterface&, const EmbeddedProto::WireFormatter::WireType&) [with EmbeddedProto::Field::FieldTypes FIELDTYPE = EmbeddedProto::Field::FieldTypes::uint32; VARIABLE_TYPE = long unsigned int; EmbeddedProto::WireFormatter::WireType WIRETYPE = EmbeddedProto::WireFormatter::WireType::VARINT]	32	static
../Core/Inc/Fields.h:113:7:EmbeddedProto::FieldTemplate<FIELDTYPE, VARIABLE_TYPE, WIRETYPE>::FieldTemplate(const VARIABLE_TYPE&&) [with EmbeddedProto::Field::FieldTypes FIELDTYPE = EmbeddedProto::Field::FieldTypes::boolean; VARIABLE_TYPE = bool; EmbeddedProto::WireFormatter::WireType WIRETYPE = EmbeddedProto::WireFormatter::WireType::VARINT]	16	static
../Core/Inc/Fields.h:207:12:void EmbeddedProto::FieldTemplate<FIELDTYPE, VARIABLE_TYPE, WIRETYPE>::clear() [with EmbeddedProto::Field::FieldTypes FIELDTYPE = EmbeddedProto::Field::FieldTypes::boolean; VARIABLE_TYPE = bool; EmbeddedProto::WireFormatter::WireType WIRETYPE = EmbeddedProto::WireFormatter::WireType::VARINT]	16	static
../Core/Inc/Fields.h:156:19:EmbeddedProto::FieldTemplate<FIELDTYPE, VARIABLE_TYPE, WIRETYPE>::CLASS_TYPE& EmbeddedProto::FieldTemplate<FIELDTYPE, VARIABLE_TYPE, WIRETYPE>::operator=(const VARIABLE_TYPE&) [with EmbeddedProto::Field::FieldTypes FIELDTYPE = EmbeddedProto::Field::FieldTypes::boolean; VARIABLE_TYPE = bool; EmbeddedProto::WireFormatter::WireType WIRETYPE = EmbeddedProto::WireFormatter::WireType::VARINT]	16	static
../Core/Inc/Fields.h:178:22:VARIABLE_TYPE& EmbeddedProto::FieldTemplate<FIELDTYPE, VARIABLE_TYPE, WIRETYPE>::get() [with EmbeddedProto::Field::FieldTypes FIELDTYPE = EmbeddedProto::Field::FieldTypes::boolean; VARIABLE_TYPE = bool; EmbeddedProto::WireFormatter::WireType WIRETYPE = EmbeddedProto::WireFormatter::WireType::VARINT]	16	static
../Core/Inc/Fields.h:177:28:const VARIABLE_TYPE& EmbeddedProto::FieldTemplate<FIELDTYPE, VARIABLE_TYPE, WIRETYPE>::get() const [with EmbeddedProto::Field::FieldTypes FIELDTYPE = EmbeddedProto::Field::FieldTypes::boolean; VARIABLE_TYPE = bool; EmbeddedProto::WireFormatter::WireType WIRETYPE = EmbeddedProto::WireFormatter::WireType::VARINT]	16	static
../Core/Inc/Fields.h:118:13:EmbeddedProto::Error EmbeddedProto::FieldTemplate<FIELDTYPE, VARIABLE_TYPE, WIRETYPE>::serialize_with_id(uint32_t, EmbeddedProto::WriteBufferInterface&, bool) const [with EmbeddedProto::Field::FieldTypes FIELDTYPE = EmbeddedProto::Field::FieldTypes::boolean; VARIABLE_TYPE = bool; EmbeddedProto::WireFormatter::WireType WIRETYPE = EmbeddedProto::WireFormatter::WireType::VARINT]	32	static
../Core/Inc/Fields.h:139:13:EmbeddedProto::Error EmbeddedProto::FieldTemplate<FIELDTYPE, VARIABLE_TYPE, WIRETYPE>::deserialize_check_type(EmbeddedProto::ReadBufferInterface&, const EmbeddedProto::WireFormatter::WireType&) [with EmbeddedProto::Field::FieldTypes FIELDTYPE = EmbeddedProto::Field::FieldTypes::boolean; VARIABLE_TYPE = bool; EmbeddedProto::WireFormatter::WireType WIRETYPE = EmbeddedProto::WireFormatter::WireType::VARINT]	32	static
../Core/Inc/Fields.h:128:13:EmbeddedProto::Error EmbeddedProto::FieldTemplate<FIELDTYPE, VARIABLE_TYPE, WIRETYPE>::serialize(EmbeddedProto::WriteBufferInterface&) const [with EmbeddedProto::Field::FieldTypes FIELDTYPE = EmbeddedProto::Field::FieldTypes::enumeration; VARIABLE_TYPE = Command::Buttons; EmbeddedProto::WireFormatter::WireType WIRETYPE = EmbeddedProto::WireFormatter::WireType::VARINT]	16	static
../Core/Inc/Fields.h:128:13:EmbeddedProto::Error EmbeddedProto::FieldTemplate<FIELDTYPE, VARIABLE_TYPE, WIRETYPE>::serialize(EmbeddedProto::WriteBufferInterface&) const [with EmbeddedProto::Field::FieldTypes FIELDTYPE = EmbeddedProto::Field::FieldTypes::uint32; VARIABLE_TYPE = long unsigned int; EmbeddedProto::WireFormatter::WireType WIRETYPE = EmbeddedProto::WireFormatter::WireType::VARINT]	16	static
../Core/Inc/Fields.h:133:13:EmbeddedProto::Error EmbeddedProto::FieldTemplate<FIELDTYPE, VARIABLE_TYPE, WIRETYPE>::deserialize(EmbeddedProto::ReadBufferInterface&) [with EmbeddedProto::Field::FieldTypes FIELDTYPE = EmbeddedProto::Field::FieldTypes::enumeration; VARIABLE_TYPE = Command::Buttons; EmbeddedProto::WireFormatter::WireType WIRETYPE = EmbeddedProto::WireFormatter::WireType::VARINT]	16	static
../Core/Inc/Fields.h:133:13:EmbeddedProto::Error EmbeddedProto::FieldTemplate<FIELDTYPE, VARIABLE_TYPE, WIRETYPE>::deserialize(EmbeddedProto::ReadBufferInterface&) [with EmbeddedProto::Field::FieldTypes FIELDTYPE = EmbeddedProto::Field::FieldTypes::uint32; VARIABLE_TYPE = long unsigned int; EmbeddedProto::WireFormatter::WireType WIRETYPE = EmbeddedProto::WireFormatter::WireType::VARINT]	16	static
../Core/Inc/Fields.h:128:13:EmbeddedProto::Error EmbeddedProto::FieldTemplate<FIELDTYPE, VARIABLE_TYPE, WIRETYPE>::serialize(EmbeddedProto::WriteBufferInterface&) const [with EmbeddedProto::Field::FieldTypes FIELDTYPE = EmbeddedProto::Field::FieldTypes::boolean; VARIABLE_TYPE = bool; EmbeddedProto::WireFormatter::WireType WIRETYPE = EmbeddedProto::WireFormatter::WireType::VARINT]	16	static
../Core/Inc/Fields.h:133:13:EmbeddedProto::Error EmbeddedProto::FieldTemplate<FIELDTYPE, VARIABLE_TYPE, WIRETYPE>::deserialize(EmbeddedProto::ReadBufferInterface&) [with EmbeddedProto::Field::FieldTypes FIELDTYPE = EmbeddedProto::Field::FieldTypes::boolean; VARIABLE_TYPE = bool; EmbeddedProto::WireFormatter::WireType WIRETYPE = EmbeddedProto::WireFormatter::WireType::VARINT]	16	static
../Core/Inc/Fields.h:247:13:EmbeddedProto::Error EmbeddedProto::FieldTemplate<FIELDTYPE, VARIABLE_TYPE, WIRETYPE>::serialize_(EmbeddedProto::WriteBufferInterface&) const [with EmbeddedProto::Field::FieldTypes SER_FIELDTYPE = EmbeddedProto::Field::FieldTypes::enumeration; typename std::enable_if<(EmbeddedProto::Field::FieldTypes::enumeration == SER_FIELDTYPE), bool>::type <anonymous> = true; EmbeddedProto::Field::FieldTypes FIELDTYPE = EmbeddedProto::Field::FieldTypes::enumeration; VARIABLE_TYPE = Command::Buttons; EmbeddedProto::WireFormatter::WireType WIRETYPE = EmbeddedProto::WireFormatter::WireType::VARINT]	16	static
../Core/Inc/Fields.h:228:13:EmbeddedProto::Error EmbeddedProto::FieldTemplate<FIELDTYPE, VARIABLE_TYPE, WIRETYPE>::serialize_(EmbeddedProto::WriteBufferInterface&) const [with EmbeddedProto::Field::FieldTypes SER_FIELDTYPE = EmbeddedProto::Field::FieldTypes::uint32; typename std::enable_if<(EmbeddedProto::Field::FieldTypes::uint32 == SER_FIELDTYPE), bool>::type <anonymous> = true; EmbeddedProto::Field::FieldTypes FIELDTYPE = EmbeddedProto::Field::FieldTypes::uint32; VARIABLE_TYPE = long unsigned int; EmbeddedProto::WireFormatter::WireType WIRETYPE = EmbeddedProto::WireFormatter::WireType::VARINT]	16	static
../Core/Inc/Fields.h:291:13:EmbeddedProto::Error EmbeddedProto::FieldTemplate<FIELDTYPE, VARIABLE_TYPE, WIRETYPE>::deserialize_(EmbeddedProto::ReadBufferInterface&) [with EmbeddedProto::Field::FieldTypes DES_FIELDTYPE = EmbeddedProto::Field::FieldTypes::enumeration; typename std::enable_if<(EmbeddedProto::Field::FieldTypes::enumeration == SER_FIELDTYPE), bool>::type <anonymous> = true; EmbeddedProto::Field::FieldTypes FIELDTYPE = EmbeddedProto::Field::FieldTypes::enumeration; VARIABLE_TYPE = Command::Buttons; EmbeddedProto::WireFormatter::WireType WIRETYPE = EmbeddedProto::WireFormatter::WireType::VARINT]	24	static
../Core/Inc/Fields.h:276:13:EmbeddedProto::Error EmbeddedProto::FieldTemplate<FIELDTYPE, VARIABLE_TYPE, WIRETYPE>::deserialize_(EmbeddedProto::ReadBufferInterface&) [with EmbeddedProto::Field::FieldTypes DES_FIELDTYPE = EmbeddedProto::Field::FieldTypes::uint32; typename std::enable_if<(EmbeddedProto::Field::FieldTypes::uint32 == SER_FIELDTYPE), bool>::type <anonymous> = true; EmbeddedProto::Field::FieldTypes FIELDTYPE = EmbeddedProto::Field::FieldTypes::uint32; VARIABLE_TYPE = long unsigned int; EmbeddedProto::WireFormatter::WireType WIRETYPE = EmbeddedProto::WireFormatter::WireType::VARINT]	16	static
../Core/Inc/Fields.h:240:13:EmbeddedProto::Error EmbeddedProto::FieldTemplate<FIELDTYPE, VARIABLE_TYPE, WIRETYPE>::serialize_(EmbeddedProto::WriteBufferInterface&) const [with EmbeddedProto::Field::FieldTypes SER_FIELDTYPE = EmbeddedProto::Field::FieldTypes::boolean; typename std::enable_if<(EmbeddedProto::Field::FieldTypes::boolean == SER_FIELDTYPE), bool>::type <anonymous> = true; EmbeddedProto::Field::FieldTypes FIELDTYPE = EmbeddedProto::Field::FieldTypes::boolean; VARIABLE_TYPE = bool; EmbeddedProto::WireFormatter::WireType WIRETYPE = EmbeddedProto::WireFormatter::WireType::VARINT]	24	static
../Core/Inc/Fields.h:288:13:EmbeddedProto::Error EmbeddedProto::FieldTemplate<FIELDTYPE, VARIABLE_TYPE, WIRETYPE>::deserialize_(EmbeddedProto::ReadBufferInterface&) [with EmbeddedProto::Field::FieldTypes DES_FIELDTYPE = EmbeddedProto::Field::FieldTypes::boolean; typename std::enable_if<(EmbeddedProto::Field::FieldTypes::boolean == SER_FIELDTYPE), bool>::type <anonymous> = true; EmbeddedProto::Field::FieldTypes FIELDTYPE = EmbeddedProto::Field::FieldTypes::boolean; VARIABLE_TYPE = bool; EmbeddedProto::WireFormatter::WireType WIRETYPE = EmbeddedProto::WireFormatter::WireType::VARINT]	16	static
../Core/Inc/WireFormatter.h:360:20:static EmbeddedProto::Error EmbeddedProto::WireFormatter::DeserializeUInt(EmbeddedProto::ReadBufferInterface&, UINT_TYPE&) [with UINT_TYPE = long unsigned int]	16	static
../Core/Inc/uart_messages.h:224:5:Reply::~Reply()	16	static
../Core/Inc/uart_messages.h:224:5:virtual Reply::~Reply()	16	static
../Core/Inc/uart_messages.h:65:5:Command::~Command()	16	static
../Core/Inc/uart_messages.h:65:5:virtual Command::~Command()	16	static
../Core/Inc/UartWriteBuffer.h:44:5:UartWriteBuffer::~UartWriteBuffer()	16	static
../Core/Inc/UartWriteBuffer.h:44:5:virtual UartWriteBuffer::~UartWriteBuffer()	16	static
../Core/Inc/ReadBufferInterface.h:48:15:EmbeddedProto::ReadBufferInterface::~ReadBufferInterface()	16	static
../Core/Inc/ReadBufferInterface.h:48:15:virtual EmbeddedProto::ReadBufferInterface::~ReadBufferInterface()	16	static
../Core/Inc/UartReadBuffer.h:44:5:UartReadBuffer::~UartReadBuffer()	16	static
../Core/Inc/UartReadBuffer.h:44:5:virtual UartReadBuffer::~UartReadBuffer()	16	static
../Core/Src/main.cpp:434:1:void __static_initialization_and_destruction_0(int, int)	16	static
../Core/Src/main.cpp:434:1:cpp)	8	static
../Core/Src/main.cpp:434:1:cpp)	8	static
